Component: ARM Compiler 5.06 update 7 (build 960) Tool: armlink [4d3601]

==============================================================================

Section Cross References

    main.o(.text) refers to lcd.o(.text) for LCD_Clear
    main.o(.text) refers to printfa.o(i.__0sprintf) for __2sprintf
    main.o(.text) refers to printfa.o(i.__0printf) for __2printf
    main.o(.text) refers to stm32f4xx_can.o(.text) for CAN_Transmit
    main.o(.text) refers to delay.o(.text) for delay_ms
    main.o(.text) refers to main.o(.bss) for str
    main.o(.text) refers to nio.o(.constdata) for gImage_nio
    main.o(.text) refers to main.o(.data) for loopi
    main.o(.text) refers to dfltui.o(.text) for __aeabi_ui2d
    main.o(.text) refers to dmul.o(.text) for __aeabi_dmul
    main.o(.text) refers to d2f.o(.text) for __aeabi_d2f
    main.o(.text) refers to dflti.o(.text) for __aeabi_i2d
    main.o(.text) refers to f2d.o(.text) for __aeabi_f2d
    main.o(.text) refers to ddiv.o(.text) for __aeabi_ddiv
    main.o(.text) refers to lcd.o(.data) for POINT_COLOR
    main.o(.text) refers to dadd.o(.text) for __aeabi_dsub
    main.o(.text) refers to strcpy.o(.text) for strcpy
    main.o(.text) refers to strstr.o(.text) for strstr
    main.o(.text) refers to misc.o(.text) for NVIC_PriorityGroupConfig
    main.o(.text) refers to usart.o(.text) for uart_init
    main.o(.text) refers to led.o(.text) for LED_Init
    main.o(.text) refers to key.o(.text) for KEY_Init
    main.o(.text) refers to can.o(.text) for CAN1_Mode_Init
    main.o(.text) refers to touch.o(.data) for tp_dev
    system_stm32f4xx.o(.text) refers to system_stm32f4xx.o(.data) for SystemCoreClock
    led.o(.text) refers to stm32f4xx_rcc.o(.text) for RCC_AHB1PeriphClockCmd
    led.o(.text) refers to stm32f4xx_gpio.o(.text) for GPIO_Init
    lcd.o(.text) refers to delay.o(.text) for delay_us
    lcd.o(.text) refers to lcd.o(.bss) for lcddev
    lcd.o(.text) refers to lcd.o(.data) for POINT_COLOR
    lcd.o(.text) refers to dfltui.o(.text) for __aeabi_ui2d
    lcd.o(.text) refers to dmul.o(.text) for __aeabi_dmul
    lcd.o(.text) refers to dfixui.o(.text) for __aeabi_d2uiz
    lcd.o(.text) refers to stm32f4xx_rcc.o(.text) for RCC_AHB1PeriphClockCmd
    lcd.o(.text) refers to stm32f4xx_gpio.o(.text) for GPIO_Init
    lcd.o(.text) refers to stm32f4xx_fsmc.o(.text) for FSMC_NORSRAMInit
    lcd.o(.text) refers to printfa.o(i.__0printf) for __2printf
    lcd.o(.text) refers to lcd.o(.constdata) for asc2_1206
    key.o(.text) refers to stm32f4xx_rcc.o(.text) for RCC_AHB1PeriphClockCmd
    key.o(.text) refers to stm32f4xx_gpio.o(.text) for GPIO_Init
    key.o(.text) refers to delay.o(.text) for delay_ms
    key.o(.text) refers to key.o(.data) for key_up
    can.o(.text) refers to stm32f4xx_rcc.o(.text) for RCC_AHB1PeriphClockCmd
    can.o(.text) refers to stm32f4xx_gpio.o(.text) for GPIO_Init
    can.o(.text) refers to stm32f4xx_can.o(.text) for CAN_Init
    beep.o(.text) refers to stm32f4xx_rcc.o(.text) for RCC_AHB1PeriphClockCmd
    beep.o(.text) refers to stm32f4xx_gpio.o(.text) for GPIO_Init
    24cxx.o(.text) refers to myiic.o(.text) for IIC_Init
    24cxx.o(.text) refers to delay.o(.text) for delay_ms
    myiic.o(.text) refers to stm32f4xx_rcc.o(.text) for RCC_AHB1PeriphClockCmd
    myiic.o(.text) refers to stm32f4xx_gpio.o(.text) for GPIO_Init
    myiic.o(.text) refers to delay.o(.text) for delay_us
    ctiic.o(.text) refers to delay.o(.text) for delay_us
    ctiic.o(.text) refers to stm32f4xx_rcc.o(.text) for RCC_AHB1PeriphClockCmd
    ctiic.o(.text) refers to stm32f4xx_gpio.o(.text) for GPIO_Init
    ft5206.o(.text) refers to ctiic.o(.text) for CT_IIC_Start
    ft5206.o(.text) refers to stm32f4xx_rcc.o(.text) for RCC_AHB1PeriphClockCmd
    ft5206.o(.text) refers to stm32f4xx_gpio.o(.text) for GPIO_Init
    ft5206.o(.text) refers to delay.o(.text) for delay_ms
    ft5206.o(.text) refers to printfa.o(i.__0printf) for __2printf
    ft5206.o(.text) refers to ft5206.o(.data) for t
    ft5206.o(.text) refers to touch.o(.data) for tp_dev
    ft5206.o(.text) refers to ft5206.o(.constdata) for FT5206_TPX_TBL
    gt9147.o(.text) refers to ctiic.o(.text) for CT_IIC_Start
    gt9147.o(.text) refers to stm32f4xx_rcc.o(.text) for RCC_AHB1PeriphClockCmd
    gt9147.o(.text) refers to stm32f4xx_gpio.o(.text) for GPIO_Init
    gt9147.o(.text) refers to delay.o(.text) for delay_ms
    gt9147.o(.text) refers to printfa.o(i.__0printf) for __2printf
    gt9147.o(.text) refers to strcmp.o(.text) for strcmp
    gt9147.o(.text) refers to gt9147.o(.constdata) for GT9147_CFG_TBL
    gt9147.o(.text) refers to gt9147.o(.data) for t
    gt9147.o(.text) refers to touch.o(.data) for tp_dev
    gt9147.o(.text) refers to lcd.o(.bss) for lcddev
    ott2001a.o(.text) refers to ctiic.o(.text) for CT_IIC_Start
    ott2001a.o(.text) refers to stm32f4xx_rcc.o(.text) for RCC_AHB1PeriphClockCmd
    ott2001a.o(.text) refers to stm32f4xx_gpio.o(.text) for GPIO_Init
[...]
    dfltui.o(.text) refers (Special) to iusefp.o(.text) for __I$use$fp
    dfltui.o(.text) refers to depilogue.o(.text) for _double_epilogue
    dfixui.o(.text) refers (Special) to iusefp.o(.text) for __I$use$fp
    dfixui.o(.text) refers to llushr.o(.text) for __aeabi_llsr
    f2d.o(.text) refers (Special) to iusefp.o(.text) for __I$use$fp
    cdcmple.o(.text) refers (Special) to iusefp.o(.text) for __I$use$fp
    cdrcmple.o(.text) refers (Special) to iusefp.o(.text) for __I$use$fp
    d2f.o(.text) refers (Special) to iusefp.o(.text) for __I$use$fp
    d2f.o(.text) refers to fepilogue.o(.text) for _float_round
    entry2.o(.ARM.Collect$$$$00000001) refers to entry2.o(.ARM.Collect$$$$00002712) for __lit__00000000
    entry2.o(.ARM.Collect$$$$00002712) refers to startup_stm32f40_41xxx.o(STACK) for __initial_sp
    entry2.o(__vectab_stack_and_reset_area) refers to startup_stm32f40_41xxx.o(STACK) for __initial_sp
    entry2.o(__vectab_stack_and_reset_area) refers to entry.o(.ARM.Collect$$$$00000000) for __main
    entry5.o(.ARM.Collect$$$$00000004) refers to init.o(.text) for __scatterload
    entry9a.o(.ARM.Collect$$$$0000000B) refers to main.o(.text) for main
    entry9b.o(.ARM.Collect$$$$0000000C) refers to main.o(.text) for main
    uldiv.o(.text) refers to llushr.o(.text) for __aeabi_llsr
    uldiv.o(.text) refers to llshl.o(.text) for __aeabi_llsl
    errno.o(i.__aeabi_errno_addr) refers to errno.o(.data) for .data
    errno.o(i.__read_errno) refers to errno.o(.data) for .data
    errno.o(i.__set_errno) refers to errno.o(.data) for .data
    depilogue.o(.text) refers to llshl.o(.text) for __aeabi_llsl
    depilogue.o(.text) refers to llushr.o(.text) for __aeabi_llsr
    dsqrt.o(.text) refers to llushr.o(.text) for __aeabi_llsr
    dsqrt.o(.text) refers to depilogue.o(.text) for _double_round
    dfixul.o(.text) refers to llushr.o(.text) for __aeabi_llsr
    dfixul.o(.text) refers to llshl.o(.text) for __aeabi_llsl
    init.o(.text) refers to entry5.o(.ARM.Collect$$$$00000004) for __main_after_scatterload


==============================================================================

Removing Unused input sections from the image.

    Removing main.o(.rev16_text), (4 bytes).
    Removing main.o(.revsh_text), (4 bytes).
    Removing stm32f4xx_it.o(.rev16_text), (4 bytes).
    Removing stm32f4xx_it.o(.revsh_text), (4 bytes).
    Removing system_stm32f4xx.o(.rev16_text), (4 bytes).
    Removing system_stm32f4xx.o(.revsh_text), (4 bytes).
    Removing led.o(.rev16_text), (4 bytes).
    Removing led.o(.revsh_text), (4 bytes).
    Removing lcd.o(.rev16_text), (4 bytes).
    Removing lcd.o(.revsh_text), (4 bytes).
    Removing key.o(.rev16_text), (4 bytes).
    Removing key.o(.revsh_text), (4 bytes).
    Removing can.o(.rev16_text), (4 bytes).
    Removing can.o(.revsh_text), (4 bytes).
    Removing beep.o(.rev16_text), (4 bytes).
    Removing beep.o(.revsh_text), (4 bytes).
    Removing beep.o(.text), (64 bytes).
    Removing nio.o(.rev16_text), (4 bytes).
    Removing nio.o(.revsh_text), (4 bytes).
    Removing 24cxx.o(.rev16_text), (4 bytes).
    Removing 24cxx.o(.revsh_text), (4 bytes).
    Removing myiic.o(.rev16_text), (4 bytes).
    Removing myiic.o(.revsh_text), (4 bytes).
    Removing ctiic.o(.rev16_text), (4 bytes).
    Removing ctiic.o(.revsh_text), (4 bytes).
    Removing ft5206.o(.rev16_text), (4 bytes).
    Removing ft5206.o(.revsh_text), (4 bytes).
    Removing gt9147.o(.rev16_text), (4 bytes).
    Removing gt9147.o(.revsh_text), (4 bytes).
    Removing ott2001a.o(.rev16_text), (4 bytes).
    Removing ott2001a.o(.revsh_text), (4 bytes).
    Removing touch.o(.rev16_text), (4 bytes).
    Removing touch.o(.revsh_text), (4 bytes).
    Removing delay.o(.rev16_text), (4 bytes).
    Removing delay.o(.revsh_text), (4 bytes).
    Removing sys.o(.rev16_text), (4 bytes).
    Removing sys.o(.revsh_text), (4 bytes).
    Removing sys.o(.emb_text), (16 bytes).
    Removing usart.o(.rev16_text), (4 bytes).
    Removing usart.o(.revsh_text), (4 bytes).
    Removing startup_stm32f40_41xxx.o(HEAP), (512 bytes).
    Removing misc.o(.rev16_text), (4 bytes).
    Removing misc.o(.revsh_text), (4 bytes).
    Removing stm32f4xx_gpio.o(.rev16_text), (4 bytes).
    Removing stm32f4xx_gpio.o(.revsh_text), (4 bytes).
    Removing stm32f4xx_fsmc.o(.rev16_text), (4 bytes).
    Removing stm32f4xx_fsmc.o(.revsh_text), (4 bytes).
    Removing stm32f4xx_rcc.o(.rev16_text), (4 bytes).
    Removing stm32f4xx_rcc.o(.revsh_text), (4 bytes).
    Removing stm32f4xx_syscfg.o(.rev16_text), (4 bytes).
    Removing stm32f4xx_syscfg.o(.revsh_text), (4 bytes).
    Removing stm32f4xx_syscfg.o(.text), (148 bytes).
    Removing stm32f4xx_usart.o(.rev16_text), (4 bytes).
    Removing stm32f4xx_usart.o(.revsh_text), (4 bytes).
    Removing stm32f4xx_can.o(.rev16_text), (4 bytes).
    Removing stm32f4xx_can.o(.revsh_text), (4 bytes).

56 unused section(s) (total 948 bytes) removed from the image.

==============================================================================

Image Symbol Table

    Local Symbols

    Symbol Name                              Value     Ov Type        Size  Object(Section)

    ../clib/microlib/division.c              0x00000000   Number         0  uidiv.o ABSOLUTE
    ../clib/microlib/division.c              0x00000000   Number         0  uldiv.o ABSOLUTE
    ../clib/microlib/errno.c                 0x00000000   Number         0  errno.o ABSOLUTE
    ../clib/microlib/init/entry.s            0x00000000   Number         0  entry11b.o ABSOLUTE
    ../clib/microlib/init/entry.s            0x00000000   Number         0  entry9b.o ABSOLUTE
    ../clib/microlib/init/entry.s            0x00000000   Number         0  entry7b.o ABSOLUTE
    ../clib/microlib/init/entry.s            0x00000000   Number         0  entry12b.o ABSOLUTE
    ../clib/microlib/init/entry.s            0x00000000   Number         0  entry12a.o ABSOLUTE
    ../clib/microlib/init/entry.s            0x00000000   Number         0  entry10b.o ABSOLUTE
    ../clib/microlib/init/entry.s            0x00000000   Number         0  entry10a.o ABSOLUTE
    ../clib/microlib/init/entry.s            0x00000000   Number         0  entry8a.o ABSOLUTE
    ../clib/microlib/init/entry.s            0x00000000   Number         0  entry11a.o ABSOLUTE
    ../clib/microlib/init/entry.s            0x00000000   Number         0  entry8b.o ABSOLUTE
    ../clib/microlib/init/entry.s            0x00000000   Number         0  entry2.o ABSOLUTE
    ../clib/microlib/init/entry.s            0x00000000   Number         0  entry5.o ABSOLUTE
    ../clib/microlib/init/entry.s            0x00000000   Number         0  entry.o ABSOLUTE
    ../clib/microlib/init/entry.s            0x00000000   Number         0  entry9a.o ABSOLUTE
    ../clib/microlib/init/entry.s            0x00000000   Number         0  entry7a.o ABSOLUTE
    ../clib/microlib/longlong.c              0x00000000   Number         0  llsshr.o ABSOLUTE
    ../clib/microlib/longlong.c              0x00000000   Number         0  llushr.o ABSOLUTE
    ../clib/microlib/longlong.c              0x00000000   Number         0  llshl.o ABSOLUTE
    ../clib/microlib/printf/printf.c         0x00000000   Number         0  printf2.o ABSOLUTE
    ../clib/microlib/printf/printf.c         0x00000000   Number         0  printf7.o ABSOLUTE
    ../clib/microlib/printf/printf.c         0x00000000   Number         0  printf3.o ABSOLUTE
    ../clib/microlib/printf/printf.c         0x00000000   Number         0  printfa.o ABSOLUTE
    ../clib/microlib/printf/printf.c         0x00000000   Number         0  printf4.o ABSOLUTE
    ../clib/microlib/printf/printf.c         0x00000000   Number         0  printf8.o ABSOLUTE
    ../clib/microlib/printf/printf.c         0x00000000   Number         0  printf1.o ABSOLUTE
    ../clib/microlib/printf/printf.c         0x00000000   Number         0  printf5.o ABSOLUTE
    ../clib/microlib/printf/printf.c         0x00000000   Number         0  printf0.o ABSOLUTE
    ../clib/microlib/printf/printf.c         0x00000000   Number         0  printfb.o ABSOLUTE
    ../clib/microlib/printf/printf.c         0x00000000   Number         0  printf6.o ABSOLUTE
    ../clib/microlib/printf/stubs.s          0x00000000   Number         0  stubs.o ABSOLUTE
    ../clib/microlib/string/strcmp.c         0x00000000   Number         0  strcmp.o ABSOLUTE
    ../clib/microlib/string/strcpy.c         0x00000000   Number         0  strcpy.o ABSOLUTE
    ../clib/microlib/string/strstr.c         0x00000000   Number         0  strstr.o ABSOLUTE
    ../clib/microlib/stubs.s                 0x00000000   Number         0  iusefp.o ABSOLUTE
    ../clib/microlib/stubs.s                 0x00000000   Number         0  useno.o ABSOLUTE
    ../fplib/microlib/d2f.c                  0x00000000   Number         0  d2f.o ABSOLUTE
    ../fplib/microlib/f2d.c                  0x00000000   Number         0  f2d.o ABSOLUTE
    ../fplib/microlib/fpadd.c                0x00000000   Number         0  dadd.o ABSOLUTE
    ../fplib/microlib/fpdiv.c                0x00000000   Number         0  ddiv.o ABSOLUTE
    ../fplib/microlib/fpepilogue.c           0x00000000   Number         0  depilogue.o ABSOLUTE
    ../fplib/microlib/fpepilogue.c           0x00000000   Number         0  fepilogue.o ABSOLUTE
    ../fplib/microlib/fpfix.c                0x00000000   Number         0  dfixul.o ABSOLUTE
    ../fplib/microlib/fpfix.c                0x00000000   Number         0  dfixui.o ABSOLUTE
    ../fplib/microlib/fpflt.c                0x00000000   Number         0  dfltui.o ABSOLUTE
    ../fplib/microlib/fpflt.c                0x00000000   Number         0  dflti.o ABSOLUTE
    ../fplib/microlib/fpmul.c                0x00000000   Number         0  dmul.o ABSOLUTE
    ../fplib/microlib/fpsqrt.c               0x00000000   Number         0  dsqrt.o ABSOLUTE
    ../mathlib/sqrt.c                        0x00000000   Number         0  sqrt.o ABSOLUTE
    ../mathlib/sqrt.c                        0x00000000   Number         0  sqrt_x.o ABSOLUTE
    ..\CORE\startup_stm32f40_41xxx.s         0x00000000   Number         0  startup_stm32f40_41xxx.o ABSOLUTE
    ..\FWLIB\src\misc.c                      0x00000000   Number         0  misc.o ABSOLUTE
    ..\FWLIB\src\stm32f4xx_can.c             0x00000000   Number         0  stm32f4xx_can.o ABSOLUTE
    ..\FWLIB\src\stm32f4xx_fsmc.c            0x00000000   Number         0  stm32f4xx_fsmc.o ABSOLUTE
    ..\FWLIB\src\stm32f4xx_gpio.c            0x00000000   Number         0  stm32f4xx_gpio.o ABSOLUTE
    ..\FWLIB\src\stm32f4xx_rcc.c             0x00000000   Number         0  stm32f4xx_rcc.o ABSOLUTE
    ..\FWLIB\src\stm32f4xx_syscfg.c          0x00000000   Number         0  stm32f4xx_syscfg.o ABSOLUTE
    ..\FWLIB\src\stm32f4xx_usart.c           0x00000000   Number         0  stm32f4xx_usart.o ABSOLUTE
    ..\HARDWARE\24CXX\24cxx.c                0x00000000   Number         0  24cxx.o ABSOLUTE
    ..\HARDWARE\BEEP\beep.c                  0x00000000   Number         0  beep.o ABSOLUTE
    ..\HARDWARE\CAN\can.c                    0x00000000   Number         0  can.o ABSOLUTE
    ..\HARDWARE\IIC\myiic.c                  0x00000000   Number         0  myiic.o ABSOLUTE
    ..\HARDWARE\KEY\key.c                    0x00000000   Number         0  key.o ABSOLUTE
    ..\HARDWARE\LCD\lcd.c                    0x00000000   Number         0  lcd.o ABSOLUTE
    ..\HARDWARE\LCD\nio.c                    0x00000000   Number         0  nio.o ABSOLUTE
    ..\HARDWARE\LED\led.c                    0x00000000   Number         0  led.o ABSOLUTE
    ..\HARDWARE\TOUCH\ctiic.c                0x00000000   Number         0  ctiic.o ABSOLUTE
    ..\HARDWARE\TOUCH\ft5206.c               0x00000000   Number         0  ft5206.o ABSOLUTE
    ..\HARDWARE\TOUCH\gt9147.c               0x00000000   Number         0  gt9147.o ABSOLUTE
    ..\HARDWARE\TOUCH\ott2001a.c             0x00000000   Number         0  ott2001a.o ABSOLUTE
    ..\HARDWARE\TOUCH\touch.c                0x00000000   Number         0  touch.o ABSOLUTE
    ..\SYSTEM\delay\delay.c                  0x00000000   Number         0  delay.o ABSOLUTE
    ..\SYSTEM\sys\sys.c                      0x00000000   Number         0  sys.o ABSOLUTE
    ..\SYSTEM\usart\usart.c                  0x00000000   Number         0  usart.o ABSOLUTE
    ..\\FWLIB\\src\\misc.c                   0x00000000   Number         0  misc.o ABSOLUTE
    ..\\FWLIB\\src\\stm32f4xx_can.c          0x00000000   Number         0  stm32f4xx_can.o ABSOLUTE
    ..\\FWLIB\\src\\stm32f4xx_fsmc.c         0x00000000   Number         0  stm32f4xx_fsmc.o ABSOLUTE
    ..\\FWLIB\\src\\stm32f4xx_gpio.c         0x00000000   Number         0  stm32f4xx_gpio.o ABSOLUTE
    ..\\FWLIB\\src\\stm32f4xx_rcc.c          0x00000000   Number         0  stm32f4xx_rcc.o ABSOLUTE
    ..\\FWLIB\\src\\stm32f4xx_syscfg.c       0x00000000   Number         0  stm32f4xx_syscfg.o ABSOLUTE
    ..\\FWLIB\\src\\stm32f4xx_usart.c        0x00000000   Number         0  stm32f4xx_usart.o ABSOLUTE
    ..\\HARDWARE\\24CXX\\24cxx.c             0x00000000   Number         0  24cxx.o ABSOLUTE
    ..\\HARDWARE\\BEEP\\beep.c               0x00000000   Number         0  beep.o ABSOLUTE
    ..\\HARDWARE\\CAN\\can.c                 0x00000000   Number         0  can.o ABSOLUTE
    ..\\HARDWARE\\IIC\\myiic.c               0x00000000   Number         0  myiic.o ABSOLUTE
    ..\\HARDWARE\\KEY\\key.c                 0x00000000   Number         0  key.o ABSOLUTE
    ..\\HARDWARE\\LCD\\lcd.c                 0x00000000   Number         0  lcd.o ABSOLUTE
    ..\\HARDWARE\\LCD\\nio.c                 0x00000000   Number         0  nio.o ABSOLUTE
    ..\\HARDWARE\\LED\\led.c                 0x00000000   Number         0  led.o ABSOLUTE
    ..\\HARDWARE\\TOUCH\\ctiic.c             0x00000000   Number         0  ctiic.o ABSOLUTE
    ..\\HARDWARE\\TOUCH\\ft5206.c            0x00000000   Number         0  ft5206.o ABSOLUTE
    ..\\HARDWARE\\TOUCH\\gt9147.c            0x00000000   Number         0  gt9147.o ABSOLUTE
    ..\\HARDWARE\\TOUCH\\ott2001a.c          0x00000000   Number         0  ott2001a.o ABSOLUTE
    ..\\HARDWARE\\TOUCH\\touch.c             0x00000000   Number         0  touch.o ABSOLUTE
    ..\\SYSTEM\\delay\\delay.c               0x00000000   Number         0  delay.o ABSOLUTE
    ..\\SYSTEM\\sys\\sys.c                   0x00000000   Number         0  sys.o ABSOLUTE
    ..\\SYSTEM\\usart\\usart.c               0x00000000   Number         0  usart.o ABSOLUTE
    cdcmple.s                                0x00000000   Number         0  cdcmple.o ABSOLUTE
    cdrcmple.s                               0x00000000   Number         0  cdrcmple.o ABSOLUTE
    dc.s                                     0x00000000   Number         0  dc.o ABSOLUTE
    handlers.s                               0x00000000   Number         0  handlers.o ABSOLUTE
    init.s                                   0x00000000   Number         0  init.o ABSOLUTE
    main.c                                   0x00000000   Number         0  main.o ABSOLUTE
    main.c                                   0x00000000   Number         0  main.o ABSOLUTE
    stm32f4xx_it.c                           0x00000000   Number         0  stm32f4xx_it.o ABSOLUTE
    stm32f4xx_it.c                           0x00000000   Number         0  stm32f4xx_it.o ABSOLUTE
    system_stm32f4xx.c                       0x00000000   Number         0  system_stm32f4xx.o ABSOLUTE
    system_stm32f4xx.c                       0x00000000   Number         0  system_stm32f4xx.o ABSOLUTE
    RESET                                    0x08000000   Section      392  startup_stm32f40_41xxx.o(RESET)
    .ARM.Collect$$$$00000000                 0x08000188   Section        0  entry.o(.ARM.Collect$$$$00000000)
    .ARM.Collect$$$$00000001                 0x08000188   Section        4  entry2.o(.ARM.Collect$$$$00000001)
    .ARM.Collect$$$$00000004                 0x0800018c   Section        4  entry5.o(.ARM.Collect$$$$00000004)
    .ARM.Collect$$$$00000008                 0x08000190   Section        0  entry7b.o(.ARM.Collect$$$$00000008)
    .ARM.Collect$$$$0000000A                 0x08000190   Section        0  entry8b.o(.ARM.Collect$$$$0000000A)
    .ARM.Collect$$$$0000000B                 0x08000190   Section        8  entry9a.o(.ARM.Collect$$$$0000000B)
    .ARM.Collect$$$$0000000E                 0x08000198   Section        4  entry12b.o(.ARM.Collect$$$$0000000E)
    .ARM.Collect$$$$0000000F                 0x0800019c   Section        0  entry10a.o(.ARM.Collect$$$$0000000F)
    .ARM.Collect$$$$00000011                 0x0800019c   Section        0  entry11a.o(.ARM.Collect$$$$00000011)
    .ARM.Collect$$$$00002712                 0x0800019c   Section        4  entry2.o(.ARM.Collect$$$$00002712)
    __lit__00000000                          0x0800019c   Data           4  entry2.o(.ARM.Collect$$$$00002712)
    .text                                    0x080001a0   Section        0  main.o(.text)
    .text                                    0x08000e98   Section        0  stm32f4xx_it.o(.text)
    .text                                    0x08000eb4   Section        0  system_stm32f4xx.o(.text)
    SetSysClock                              0x08000eb5   Thumb Code   220  system_stm32f4xx.o(.text)
    .text                                    0x080010c4   Section        0  led.o(.text)
    .text                                    0x08001104   Section        0  lcd.o(.text)
    .text                                    0x08006018   Section        0  key.o(.text)
    .text                                    0x0800611c   Section        0  can.o(.text)
    .text                                    0x080062e0   Section        0  24cxx.o(.text)
    .text                                    0x0800645c   Section        0  myiic.o(.text)
    .text                                    0x080066b8   Section        0  ctiic.o(.text)
    .text                                    0x0800690c   Section        0  ft5206.o(.text)
    .text                                    0x08006c38   Section        0  gt9147.o(.text)
    .text                                    0x08007068   Section        0  ott2001a.o(.text)
    .text                                    0x080073f0   Section        0  touch.o(.text)
    .text                                    0x080084d0   Section        0  delay.o(.text)
    .text                                    0x080085d4   Section        0  usart.o(.text)
    .text                                    0x0800871c   Section       36  startup_stm32f40_41xxx.o(.text)
    $v0                                      0x0800871c   Number         0  startup_stm32f40_41xxx.o(.text)
    .text                                    0x08008740   Section        0  misc.o(.text)
    .text                                    0x08008820   Section        0  stm32f4xx_gpio.o(.text)
    .text                                    0x08008ab4   Section        0  stm32f4xx_fsmc.o(.text)
    .text                                    0x0800907c   Section        0  stm32f4xx_rcc.o(.text)
    .text                                    0x080096d8   Section        0  stm32f4xx_usart.o(.text)
    .text                                    0x08009b2c   Section        0  stm32f4xx_can.o(.text)
    CheckITStatus                            0x0800a32f   Thumb Code    18  stm32f4xx_can.o(.text)
    .text                                    0x0800a51c   Section        0  strstr.o(.text)
    .text                                    0x0800a540   Section        0  strcmp.o(.text)
    .text                                    0x0800a55c   Section        0  strcpy.o(.text)
    .text                                    0x0800a56e   Section        0  dadd.o(.text)
    .text                                    0x0800a6bc   Section        0  dmul.o(.text)
    .text                                    0x0800a7a0   Section        0  ddiv.o(.text)
    .text                                    0x0800a87e   Section        0  dflti.o(.text)
    .text                                    0x0800a8a0   Section        0  dfltui.o(.text)
    .text                                    0x0800a8ba   Section        0  dfixui.o(.text)
    .text                                    0x0800a8ec   Section        0  f2d.o(.text)
    .text                                    0x0800a914   Section       48  cdcmple.o(.text)
    .text                                    0x0800a944   Section       48  cdrcmple.o(.text)
    .text                                    0x0800a974   Section        0  d2f.o(.text)
    .text                                    0x0800a9ac   Section        0  uidiv.o(.text)
    .text                                    0x0800a9d8   Section        0  uldiv.o(.text)
    .text                                    0x0800aa3a   Section        0  llshl.o(.text)
    .text                                    0x0800aa58   Section        0  llushr.o(.text)
    .text                                    0x0800aa78   Section        0  llsshr.o(.text)
    .text                                    0x0800aa9c   Section        0  iusefp.o(.text)
    .text                                    0x0800aa9c   Section        0  fepilogue.o(.text)
    .text                                    0x0800ab0a   Section        0  depilogue.o(.text)
    .text                                    0x0800abc4   Section        0  dsqrt.o(.text)
    .text                                    0x0800ac66   Section        0  dfixul.o(.text)
    .text                                    0x0800ac98   Section       36  init.o(.text)
    i.__0printf                              0x0800acbc   Section        0  printfa.o(i.__0printf)
    i.__0sprintf                             0x0800acdc   Section        0  printfa.o(i.__0sprintf)
    i.__hardfp_sqrt                          0x0800ad04   Section        0  sqrt.o(i.__hardfp_sqrt)
    i.__scatterload_copy                     0x0800ad7e   Section       14  handlers.o(i.__scatterload_copy)
    i.__scatterload_null                     0x0800ad8c   Section        2  handlers.o(i.__scatterload_null)
    i.__scatterload_zeroinit                 0x0800ad8e   Section       14  handlers.o(i.__scatterload_zeroinit)
    i.__set_errno                            0x0800ad9c   Section        0  errno.o(i.__set_errno)
    i._fp_digits                             0x0800ada8   Section        0  printfa.o(i._fp_digits)
    _fp_digits                               0x0800ada9   Thumb Code   366  printfa.o(i._fp_digits)
    i._printf_core                           0x0800af2c   Section        0  printfa.o(i._printf_core)
    _printf_core                             0x0800af2d   Thumb Code  1704  printfa.o(i._printf_core)
    i._printf_post_padding                   0x0800b5e0   Section        0  printfa.o(i._printf_post_padding)
    _printf_post_padding                     0x0800b5e1   Thumb Code    36  printfa.o(i._printf_post_padding)
    i._printf_pre_padding                    0x0800b604   Section        0  printfa.o(i._printf_pre_padding)
    _printf_pre_padding                      0x0800b605   Thumb Code    46  printfa.o(i._printf_pre_padding)
    i._sputc                                 0x0800b632   Section        0  printfa.o(i._sputc)
    _sputc                                   0x0800b633   Thumb Code    10  printfa.o(i._sputc)
    .constdata                               0x0800b63c   Section     6080  lcd.o(.constdata)
    .constdata                               0x0800cdfc   Section    69120  nio.o(.constdata)
    .constdata                               0x0801dbfc   Section       10  ft5206.o(.constdata)
    .constdata                               0x0801dc06   Section      194  gt9147.o(.constdata)
    .constdata                               0x0801dcc8   Section       10  ott2001a.o(.constdata)
    .constdata                               0x0801dcd4   Section        4  touch.o(.constdata)
    .constdata                               0x0801dcd8   Section       28  stm32f4xx_fsmc.o(.constdata)
    .conststring                             0x0801dcf4   Section      121  touch.o(.conststring)
    .data                                    0x20000000   Section       70  main.o(.data)
    .data                                    0x20000048   Section       20  system_stm32f4xx.o(.data)
    .data                                    0x2000005c   Section        4  lcd.o(.data)
    .data                                    0x20000060   Section        1  key.o(.data)
    key_up                                   0x20000060   Data           1  key.o(.data)
    .data                                    0x20000061   Section        1  ft5206.o(.data)
    t                                        0x20000061   Data           1  ft5206.o(.data)
    .data                                    0x20000062   Section        1  gt9147.o(.data)
    t                                        0x20000062   Data           1  gt9147.o(.data)
    .data                                    0x20000063   Section        1  ott2001a.o(.data)
    t                                        0x20000063   Data           1  ott2001a.o(.data)
    .data                                    0x20000064   Section       54  touch.o(.data)
    .data                                    0x2000009a   Section        4  delay.o(.data)
    fac_us                                   0x2000009a   Data           1  delay.o(.data)
    fac_ms                                   0x2000009c   Data           2  delay.o(.data)
    .data                                    0x200000a0   Section        6  usart.o(.data)
    .data                                    0x200000a6   Section       16  stm32f4xx_rcc.o(.data)
    APBAHBPrescTable                         0x200000a6   Data          16  stm32f4xx_rcc.o(.data)
    .data                                    0x200000b8   Section        4  errno.o(.data)
    _errno                                   0x200000b8   Data           4  errno.o(.data)
    .bss                                     0x200000bc   Section      192  main.o(.bss)
    .bss                                     0x2000017c   Section       14  lcd.o(.bss)
    .bss                                     0x2000018a   Section      200  usart.o(.bss)
    STACK                                    0x20000258   Section     1024  startup_stm32f40_41xxx.o(STACK)

    Global Symbols

    Symbol Name                              Value     Ov Type        Size  Object(Section)

    BuildAttributes$$THM_ISAv4$E$P$D$K$B$S$7EM$VFPi3$EXTD16$VFPS$VFMA$PE$A:L22UL41UL21$X:L11$S22US41US21$IEEE1$IW$USESV6$~STKCKD$USESV7$~SHL$OTIME$ROPI$IEEEJ$EBA8$MICROLIB$REQ8$PRES8$EABIv2 0x00000000   Number         0  anon$$obj.o ABSOLUTE
    __ARM_use_no_argv                        0x00000000   Number         0  main.o ABSOLUTE
    __use_no_errno                           0x00000000   Number         0  useno.o ABSOLUTE
    __use_no_exception_handling              0x00000000   Number         0  useno.o ABSOLUTE
    __use_no_fp                              0x00000000   Number         0  useno.o ABSOLUTE
    __use_no_heap                            0x00000000   Number         0  useno.o ABSOLUTE
    __use_no_heap_region                     0x00000000   Number         0  useno.o ABSOLUTE
    __use_no_semihosting                     0x00000000   Number         0  useno.o ABSOLUTE
    __use_no_semihosting_swi                 0x00000000   Number         0  useno.o ABSOLUTE
    __use_no_signal_handling                 0x00000000   Number         0  useno.o ABSOLUTE
    _printf_a                                0x00000000   Number         0  stubs.o ABSOLUTE
    _printf_c                                0x00000000   Number         0  stubs.o ABSOLUTE
    _printf_charcount                        0x00000000   Number         0  stubs.o ABSOLUTE
    _printf_d                                0x00000000   Number         0  stubs.o ABSOLUTE
    _printf_e                                0x00000000   Number         0  stubs.o ABSOLUTE
    _printf_f                                0x00000000   Number         0  stubs.o ABSOLUTE
    _printf_flags                            0x00000000   Number         0  stubs.o ABSOLUTE
    _printf_fp_dec                           0x00000000   Number         0  stubs.o ABSOLUTE
    _printf_fp_hex                           0x00000000   Number         0  stubs.o ABSOLUTE
    _printf_g                                0x00000000   Number         0  stubs.o ABSOLUTE
    _printf_i                                0x00000000   Number         0  stubs.o ABSOLUTE
    _printf_int_dec                          0x00000000   Number         0  stubs.o ABSOLUTE
    _printf_l                                0x00000000   Number         0  stubs.o ABSOLUTE
    _printf_lc                               0x00000000   Number         0  stubs.o ABSOLUTE
    _printf_ll                               0x00000000   Number         0  stubs.o ABSOLUTE
    _printf_lld                              0x00000000   Number         0  stubs.o ABSOLUTE
    _printf_lli                              0x00000000   Number         0  stubs.o ABSOLUTE
    _printf_llo                              0x00000000   Number         0  stubs.o ABSOLUTE
    _printf_llu                              0x00000000   Number         0  stubs.o ABSOLUTE
    _printf_llx                              0x00000000   Number         0  stubs.o ABSOLUTE
    _printf_longlong_dec                     0x00000000   Number         0  stubs.o ABSOLUTE
    _printf_longlong_hex                     0x00000000   Number         0  stubs.o ABSOLUTE
    _printf_longlong_oct                     0x00000000   Number         0  stubs.o ABSOLUTE
    _printf_ls                               0x00000000   Number         0  stubs.o ABSOLUTE
    _printf_mbtowc                           0x00000000   Number         0  stubs.o ABSOLUTE
    _printf_n                                0x00000000   Number         0  stubs.o ABSOLUTE
    _printf_o                                0x00000000   Number         0  stubs.o ABSOLUTE
    _printf_p                                0x00000000   Number         0  stubs.o ABSOLUTE
    _printf_percent                          0x00000000   Number         0  stubs.o ABSOLUTE
    _printf_pre_padding                      0x00000000   Number         0  stubs.o ABSOLUTE
    _printf_return_value                     0x00000000   Number         0  stubs.o ABSOLUTE
    _printf_s                                0x00000000   Number         0  stubs.o ABSOLUTE
    _printf_sizespec                         0x00000000   Number         0  stubs.o ABSOLUTE
    _printf_str                              0x00000000   Number         0  stubs.o ABSOLUTE
    _printf_truncate_signed                  0x00000000   Number         0  stubs.o ABSOLUTE
    _printf_truncate_unsigned                0x00000000   Number         0  stubs.o ABSOLUTE
    _printf_u                                0x00000000   Number         0  stubs.o ABSOLUTE
    _printf_wc                               0x00000000   Number         0  stubs.o ABSOLUTE
    _printf_wctomb                           0x00000000   Number         0  stubs.o ABSOLUTE
    _printf_widthprec                        0x00000000   Number         0  stubs.o ABSOLUTE
    _printf_x                                0x00000000   Number         0  stubs.o ABSOLUTE
    __arm_fini_                               - Undefined Weak Reference
    __cpp_initialize__aeabi_                  - Undefined Weak Reference
    __cxa_finalize                            - Undefined Weak Reference
    __decompress                              - Undefined Weak Reference
    _clock_init                               - Undefined Weak Reference
    _microlib_exit                            - Undefined Weak Reference
    __Vectors_Size                           0x00000188   Number         0  startup_stm32f40_41xxx.o ABSOLUTE
    __Vectors                                0x08000000   Data           4  startup_stm32f40_41xxx.o(RESET)
    __Vectors_End                            0x08000188   Data           0  startup_stm32f40_41xxx.o(RESET)
    __main                                   0x08000189   Thumb Code     0  entry.o(.ARM.Collect$$$$00000000)
    _main_stk                                0x08000189   Thumb Code     0  entry2.o(.ARM.Collect$$$$00000001)
    _main_scatterload                        0x0800018d   Thumb Code     0  entry5.o(.ARM.Collect$$$$00000004)
    __main_after_scatterload                 0x08000191   Thumb Code     0  entry5.o(.ARM.Collect$$$$00000004)
    _main_clock                              0x08000191   Thumb Code     0  entry7b.o(.ARM.Collect$$$$00000008)
    _main_cpp_init                           0x08000191   Thumb Code     0  entry8b.o(.ARM.Collect$$$$0000000A)
    _main_init                               0x08000191   Thumb Code     0  entry9a.o(.ARM.Collect$$$$0000000B)
    __rt_lib_shutdown_fini                   0x08000199   Thumb Code     0  entry12b.o(.ARM.Collect$$$$0000000E)
    __rt_final_cpp                           0x0800019d   Thumb Code     0  entry10a.o(.ARM.Collect$$$$0000000F)
    __rt_final_exit                          0x0800019d   Thumb Code     0  entry11a.o(.ARM.Collect$$$$00000011)
    SOC_start                                0x080001a1   Thumb Code   308  main.o(.text)
    HexToAscii                               0x080002d5   Thumb Code   130  main.o(.text)
    can_sig_analy                            0x08000357   Thumb Code   144  main.o(.text)
    SOC_ID_read                              0x080003e7   Thumb Code   366  main.o(.text)
    SOC_Threshold_init                       0x08000555   Thumb Code   426  main.o(.text)
    can_test                                 0x080006ff   Thumb Code  1506  main.o(.text)
    SOC_LIST_Init                            0x08000ce1   Thumb Code    56  main.o(.text)
    check_SOC                                0x08000d19   Thumb Code    42  main.o(.text)
    main                                     0x08000d43   Thumb Code   172  main.o(.text)
    NMI_Handler                              0x08000e99   Thumb Code     2  stm32f4xx_it.o(.text)
    HardFault_Handler                        0x08000e9b   Thumb Code     4  stm32f4xx_it.o(.text)
    MemManage_Handler                        0x08000e9f   Thumb Code     4  stm32f4xx_it.o(.text)
    BusFault_Handler                         0x08000ea3   Thumb Code     4  stm32f4xx_it.o(.text)
    UsageFault_Handler                       0x08000ea7   Thumb Code     4  stm32f4xx_it.o(.text)
    SVC_Handler                              0x08000eab   Thumb Code     2  stm32f4xx_it.o(.text)
    DebugMon_Handler                         0x08000ead   Thumb Code     2  stm32f4xx_it.o(.text)
    PendSV_Handler                           0x08000eaf   Thumb Code     2  stm32f4xx_it.o(.text)
    SysTick_Handler                          0x08000eb1   Thumb Code     2  stm32f4xx_it.o(.text)
    SystemInit                               0x08000f91   Thumb Code    88  system_stm32f4xx.o(.text)
    SystemCoreClockUpdate                    0x08000fe9   Thumb Code   174  system_stm32f4xx.o(.text)
    LED_Init                                 0x080010c5   Thumb Code    60  led.o(.text)
    LCD_WR_REG                               0x08001105   Thumb Code    18  lcd.o(.text)
    LCD_WR_DATA                              0x08001117   Thumb Code    20  lcd.o(.text)
    LCD_RD_DATA                              0x0800112b   Thumb Code    16  lcd.o(.text)
    LCD_WriteReg                             0x0800113b   Thumb Code    14  lcd.o(.text)
    LCD_ReadReg                              0x08001149   Thumb Code    22  lcd.o(.text)
    LCD_WriteRAM_Prepare                     0x0800115f   Thumb Code    10  lcd.o(.text)
    LCD_WriteRAM                             0x08001169   Thumb Code     8  lcd.o(.text)
    LCD_BGR2RGB                              0x08001171   Thumb Code    26  lcd.o(.text)
    opt_delay                                0x0800118b   Thumb Code    14  lcd.o(.text)
    LCD_SetCursor                            0x08001199   Thumb Code   430  lcd.o(.text)
    LCD_ReadPoint                            0x08001347   Thumb Code   384  lcd.o(.text)
    LCD_DisplayOn                            0x080014c7   Thumb Code   112  lcd.o(.text)
    LCD_DisplayOff                           0x08001537   Thumb Code   102  lcd.o(.text)
    LCD_Scan_Dir                             0x0800159d   Thumb Code   800  lcd.o(.text)
    LCD_DrawPoint                            0x080018bd   Thumb Code    28  lcd.o(.text)
    LCD_Fast_DrawPoint                       0x080018d9   Thumb Code   400  lcd.o(.text)
    LCD_SSD_BackLightSet                     0x08001a69   Thumb Code    88  lcd.o(.text)
    LCD_Display_Dir                          0x08001ac1   Thumb Code   494  lcd.o(.text)
    LCD_Set_Window                           0x08001caf   Thumb Code   558  lcd.o(.text)
    LCD_Clear                                0x08001edd   Thumb Code   112  lcd.o(.text)
    LCD_Init                                 0x08001f4d   Thumb Code 15042  lcd.o(.text)
    LCD_Fill                                 0x08005a0f   Thumb Code   192  lcd.o(.text)
    LCD_Color_Fill                           0x08005acf   Thumb Code   102  lcd.o(.text)
    LCD_DrawLine                             0x08005b35   Thumb Code   176  lcd.o(.text)
    LCD_DrawRectangle                        0x08005be5   Thumb Code    60  lcd.o(.text)
    LCD_Draw_Circle                          0x08005c21   Thumb Code   152  lcd.o(.text)
    LCD_ShowChar                             0x08005cb9   Thumb Code   272  lcd.o(.text)
    LCD_Pow                                  0x08005dc9   Thumb Code    22  lcd.o(.text)
    LCD_ShowNum                              0x08005ddf   Thumb Code   148  lcd.o(.text)
    LCD_ShowxNum                             0x08005e73   Thumb Code   220  lcd.o(.text)
    LCD_ShowString                           0x08005f4f   Thumb Code   102  lcd.o(.text)
    LCD_DrawPicture                          0x08005fb5   Thumb Code   100  lcd.o(.text)
    KEY_Init                                 0x08006019   Thumb Code    60  key.o(.text)
    KEY_Scan                                 0x08006055   Thumb Code   188  key.o(.text)
    CAN1_Mode_Init                           0x0800611d   Thumb Code   278  can.o(.text)
    CAN1_Send_Msg                            0x08006233   Thumb Code   104  can.o(.text)
    CAN1_Receive_Msg                         0x0800629b   Thumb Code    60  can.o(.text)
    AT24CXX_Init                             0x080062e1   Thumb Code     8  24cxx.o(.text)
    AT24CXX_ReadOneByte                      0x080062e9   Thumb Code    88  24cxx.o(.text)
    AT24CXX_WriteOneByte                     0x08006341   Thumb Code    80  24cxx.o(.text)
    AT24CXX_WriteLenByte                     0x08006391   Thumb Code    42  24cxx.o(.text)
    AT24CXX_ReadLenByte                      0x080063bb   Thumb Code    44  24cxx.o(.text)
    AT24CXX_Check                            0x080063e7   Thumb Code    46  24cxx.o(.text)
    AT24CXX_Read                             0x08006415   Thumb Code    34  24cxx.o(.text)
    AT24CXX_Write                            0x08006437   Thumb Code    36  24cxx.o(.text)
    IIC_Init                                 0x0800645d   Thumb Code    62  myiic.o(.text)
    IIC_Start                                0x0800649b   Thumb Code    68  myiic.o(.text)
    IIC_Stop                                 0x080064df   Thumb Code    62  myiic.o(.text)
    IIC_Wait_Ack                             0x0800651d   Thumb Code    82  myiic.o(.text)
    IIC_Ack                                  0x0800656f   Thumb Code    66  myiic.o(.text)
    IIC_NAck                                 0x080065b1   Thumb Code    66  myiic.o(.text)
    IIC_Send_Byte                            0x080065f3   Thumb Code    90  myiic.o(.text)
    IIC_Read_Byte                            0x0800664d   Thumb Code    94  myiic.o(.text)
    CT_Delay                                 0x080066b9   Thumb Code    10  ctiic.o(.text)
    CT_IIC_Init                              0x080066c3   Thumb Code    60  ctiic.o(.text)
    CT_IIC_Start                             0x080066ff   Thumb Code    62  ctiic.o(.text)
    CT_IIC_Stop                              0x0800673d   Thumb Code    56  ctiic.o(.text)
    CT_IIC_Wait_Ack                          0x08006775   Thumb Code    78  ctiic.o(.text)
    CT_IIC_Ack                               0x080067c3   Thumb Code    66  ctiic.o(.text)
    CT_IIC_NAck                              0x08006805   Thumb Code    66  ctiic.o(.text)
    CT_IIC_Send_Byte                         0x08006847   Thumb Code    82  ctiic.o(.text)
    CT_IIC_Read_Byte                         0x08006899   Thumb Code    92  ctiic.o(.text)
    FT5206_WR_Reg                            0x0800690d   Thumb Code    82  ft5206.o(.text)
    FT5206_RD_Reg                            0x0800695f   Thumb Code    88  ft5206.o(.text)
    FT5206_Init                              0x080069b7   Thumb Code   202  ft5206.o(.text)
    FT5206_Scan                              0x08006a81   Thumb Code   400  ft5206.o(.text)
    GT9147_WR_Reg                            0x08006c39   Thumb Code    92  gt9147.o(.text)
    GT9147_Send_Cfg                          0x08006c95   Thumb Code    86  gt9147.o(.text)
    GT9147_RD_Reg                            0x08006ceb   Thumb Code    98  gt9147.o(.text)
    GT9147_Init                              0x08006d4d   Thumb Code   248  gt9147.o(.text)
    GT9147_Scan                              0x08006e45   Thumb Code   470  gt9147.o(.text)
    OTT2001A_WR_Reg                          0x08007069   Thumb Code    92  ott2001a.o(.text)
    OTT2001A_RD_Reg                          0x080070c5   Thumb Code    98  ott2001a.o(.text)
    OTT2001A_SensorControl                   0x08007127   Thumb Code    28  ott2001a.o(.text)
    OTT2001A_Init                            0x08007143   Thumb Code   142  ott2001a.o(.text)
    OTT2001A_Scan                            0x080071d1   Thumb Code   478  ott2001a.o(.text)
    TP_Write_Byte                            0x080073f1   Thumb Code    64  touch.o(.text)
    TP_Read_AD                               0x08007431   Thumb Code   132  touch.o(.text)
    TP_Read_XOY                              0x080074b5   Thumb Code   120  touch.o(.text)
    TP_Read_XY                               0x0800752d   Thumb Code    38  touch.o(.text)
    TP_Read_XY2                              0x08007553   Thumb Code   192  touch.o(.text)
    TP_Drow_Touch_Point                      0x08007613   Thumb Code   108  touch.o(.text)
    TP_Draw_Big_Point                        0x0800767f   Thumb Code    54  touch.o(.text)
    TP_Scan                                  0x080076b5   Thumb Code   244  touch.o(.text)
    TP_Save_Adjdata                          0x080077a9   Thumb Code   166  touch.o(.text)
    TP_Get_Adjdata                           0x0800784f   Thumb Code   160  touch.o(.text)
    TP_Adj_Info_Show                         0x080078ef   Thumb Code   374  touch.o(.text)
    TP_Adjust                                0x08007a65   Thumb Code  2290  touch.o(.text)
    TP_Init                                  0x08008357   Thumb Code   290  touch.o(.text)
    delay_init                               0x080084d1   Thumb Code    52  delay.o(.text)
    delay_us                                 0x08008505   Thumb Code    72  delay.o(.text)
    delay_xms                                0x0800854d   Thumb Code    72  delay.o(.text)
    delay_ms                                 0x08008595   Thumb Code    56  delay.o(.text)
    _sys_exit                                0x080085d5   Thumb Code     4  usart.o(.text)
    fputc                                    0x080085d9   Thumb Code    22  usart.o(.text)
    uart_init                                0x080085ef   Thumb Code   164  usart.o(.text)
    USART1_IRQHandler                        0x08008693   Thumb Code   122  usart.o(.text)
    Reset_Handler                            0x0800871d   Thumb Code     8  startup_stm32f40_41xxx.o(.text)
    ADC_IRQHandler                           0x08008737   Thumb Code     0  startup_stm32f40_41xxx.o(.text)
    CAN1_RX0_IRQHandler                      0x08008737   Thumb Code     0  startup_stm32f40_41xxx.o(.text)
    CAN1_RX1_IRQHandler                      0x08008737   Thumb Code     0  startup_stm32f40_41xxx.o(.text)
    CAN1_SCE_IRQHandler                      0x08008737   Thumb Code     0  startup_stm32f40_41xxx.o(.text)
    CAN1_TX_IRQHandler                       0x08008737   Thumb Code     0  startup_stm32f40_41xxx.o(.text)
    CAN2_RX0_IRQHandler                      0x08008737   Thumb Code     0  startup_stm32f40_41xxx.o(.text)
    CAN2_RX1_IRQHandler                      0x08008737   Thumb Code     0  startup_stm32f40_41xxx.o(.text)
    CAN2_SCE_IRQHandler                      0x08008737   Thumb Code     0  startup_stm32f40_41xxx.o(.text)
    CAN2_TX_IRQHandler                       0x08008737   Thumb Code     0  startup_stm32f40_41xxx.o(.text)
    CRYP_IRQHandler                          0x08008737   Thumb Code     0  startup_stm32f40_41xxx.o(.text)
    DCMI_IRQHandler                          0x08008737   Thumb Code     0  startup_stm32f40_41xxx.o(.text)
    DMA1_Stream0_IRQHandler                  0x08008737   Thumb Code     0  startup_stm32f40_41xxx.o(.text)
    DMA1_Stream1_IRQHandler                  0x08008737   Thumb Code     0  startup_stm32f40_41xxx.o(.text)
    DMA1_Stream2_IRQHandler                  0x08008737   Thumb Code     0  startup_stm32f40_41xxx.o(.text)
    DMA1_Stream3_IRQHandler                  0x08008737   Thumb Code     0  startup_stm32f40_41xxx.o(.text)
    DMA1_Stream4_IRQHandler                  0x08008737   Thumb Code     0  startup_stm32f40_41xxx.o(.text)
    DMA1_Stream5_IRQHandler                  0x08008737   Thumb Code     0  startup_stm32f40_41xxx.o(.text)
    DMA1_Stream6_IRQHandler                  0x08008737   Thumb Code     0  startup_stm32f40_41xxx.o(.text)
    DMA1_Stream7_IRQHandler                  0x08008737   Thumb Code     0  startup_stm32f40_41xxx.o(.text)
    DMA2_Stream0_IRQHandler                  0x08008737   Thumb Code     0  startup_stm32f40_41xxx.o(.text)
    DMA2_Stream1_IRQHandler                  0x08008737   Thumb Code     0  startup_stm32f40_41xxx.o(.text)
    DMA2_Stream2_IRQHandler                  0x08008737   Thumb Code     0  startup_stm32f40_41xxx.o(.text)
    DMA2_Stream3_IRQHandler                  0x08008737   Thumb Code     0  startup_stm32f40_41xxx.o(.text)
    DMA2_Stream4_IRQHandler                  0x08008737   Thumb Code     0  startup_stm32f40_41xxx.o(.text)
    DMA2_Stream5_IRQHandler                  0x08008737   Thumb Code     0  startup_stm32f40_41xxx.o(.text)
    DMA2_Stream6_IRQHandler                  0x08008737   Thumb Code     0  startup_stm32f40_41xxx.o(.text)
    DMA2_Stream7_IRQHandler                  0x08008737   Thumb Code     0  startup_stm32f40_41xxx.o(.text)
    ETH_IRQHandler                           0x08008737   Thumb Code     0  startup_stm32f40_41xxx.o(.text)
    ETH_WKUP_IRQHandler                      0x08008737   Thumb Code     0  startup_stm32f40_41xxx.o(.text)
    EXTI0_IRQHandler                         0x08008737   Thumb Code     0  startup_stm32f40_41xxx.o(.text)
    EXTI15_10_IRQHandler                     0x08008737   Thumb Code     0  startup_stm32f40_41xxx.o(.text)
    EXTI1_IRQHandler                         0x08008737   Thumb Code     0  startup_stm32f40_41xxx.o(.text)
    EXTI2_IRQHandler                         0x08008737   Thumb Code     0  startup_stm32f40_41xxx.o(.text)
    EXTI3_IRQHandler                         0x08008737   Thumb Code     0  startup_stm32f40_41xxx.o(.text)
    EXTI4_IRQHandler                         0x08008737   Thumb Code     0  startup_stm32f40_41xxx.o(.text)
    EXTI9_5_IRQHandler                       0x08008737   Thumb Code     0  startup_stm32f40_41xxx.o(.text)
    FLASH_IRQHandler                         0x08008737   Thumb Code     0  startup_stm32f40_41xxx.o(.text)
    FPU_IRQHandler                           0x08008737   Thumb Code     0  startup_stm32f40_41xxx.o(.text)
    FSMC_IRQHandler                          0x08008737   Thumb Code     0  startup_stm32f40_41xxx.o(.text)
    HASH_RNG_IRQHandler                      0x08008737   Thumb Code     0  startup_stm32f40_41xxx.o(.text)
    I2C1_ER_IRQHandler                       0x08008737   Thumb Code     0  startup_stm32f40_41xxx.o(.text)
    I2C1_EV_IRQHandler                       0x08008737   Thumb Code     0  startup_stm32f40_41xxx.o(.text)
    I2C2_ER_IRQHandler                       0x08008737   Thumb Code     0  startup_stm32f40_41xxx.o(.text)
    I2C2_EV_IRQHandler                       0x08008737   Thumb Code     0  startup_stm32f40_41xxx.o(.text)
    I2C3_ER_IRQHandler                       0x08008737   Thumb Code     0  startup_stm32f40_41xxx.o(.text)
    I2C3_EV_IRQHandler                       0x08008737   Thumb Code     0  startup_stm32f40_41xxx.o(.text)
    OTG_FS_IRQHandler                        0x08008737   Thumb Code     0  startup_stm32f40_41xxx.o(.text)
    OTG_FS_WKUP_IRQHandler                   0x08008737   Thumb Code     0  startup_stm32f40_41xxx.o(.text)
    OTG_HS_EP1_IN_IRQHandler                 0x08008737   Thumb Code     0  startup_stm32f40_41xxx.o(.text)
    OTG_HS_EP1_OUT_IRQHandler                0x08008737   Thumb Code     0  startup_stm32f40_41xxx.o(.text)
    OTG_HS_IRQHandler                        0x08008737   Thumb Code     0  startup_stm32f40_41xxx.o(.text)
    OTG_HS_WKUP_IRQHandler                   0x08008737   Thumb Code     0  startup_stm32f40_41xxx.o(.text)
    PVD_IRQHandler                           0x08008737   Thumb Code     0  startup_stm32f40_41xxx.o(.text)
    RCC_IRQHandler                           0x08008737   Thumb Code     0  startup_stm32f40_41xxx.o(.text)
    RTC_Alarm_IRQHandler                     0x08008737   Thumb Code     0  startup_stm32f40_41xxx.o(.text)
    RTC_WKUP_IRQHandler                      0x08008737   Thumb Code     0  startup_stm32f40_41xxx.o(.text)
    SDIO_IRQHandler                          0x08008737   Thumb Code     0  startup_stm32f40_41xxx.o(.text)
    SPI1_IRQHandler                          0x08008737   Thumb Code     0  startup_stm32f40_41xxx.o(.text)
    SPI2_IRQHandler                          0x08008737   Thumb Code     0  startup_stm32f40_41xxx.o(.text)
    SPI3_IRQHandler                          0x08008737   Thumb Code     0  startup_stm32f40_41xxx.o(.text)
    TAMP_STAMP_IRQHandler                    0x08008737   Thumb Code     0  startup_stm32f40_41xxx.o(.text)
    TIM1_BRK_TIM9_IRQHandler                 0x08008737   Thumb Code     0  startup_stm32f40_41xxx.o(.text)
    TIM1_CC_IRQHandler                       0x08008737   Thumb Code     0  startup_stm32f40_41xxx.o(.text)
    TIM1_TRG_COM_TIM11_IRQHandler            0x08008737   Thumb Code     0  startup_stm32f40_41xxx.o(.text)
    TIM1_UP_TIM10_IRQHandler                 0x08008737   Thumb Code     0  startup_stm32f40_41xxx.o(.text)
    TIM2_IRQHandler                          0x08008737   Thumb Code     0  startup_stm32f40_41xxx.o(.text)
    TIM3_IRQHandler                          0x08008737   Thumb Code     0  startup_stm32f40_41xxx.o(.text)
    TIM4_IRQHandler                          0x08008737   Thumb Code     0  startup_stm32f40_41xxx.o(.text)
    TIM5_IRQHandler                          0x08008737   Thumb Code     0  startup_stm32f40_41xxx.o(.text)
    TIM6_DAC_IRQHandler                      0x08008737   Thumb Code     0  startup_stm32f40_41xxx.o(.text)
    TIM7_IRQHandler                          0x08008737   Thumb Code     0  startup_stm32f40_41xxx.o(.text)
    TIM8_BRK_TIM12_IRQHandler                0x08008737   Thumb Code     0  startup_stm32f40_41xxx.o(.text)
    TIM8_CC_IRQHandler                       0x08008737   Thumb Code     0  startup_stm32f40_41xxx.o(.text)
    TIM8_TRG_COM_TIM14_IRQHandler            0x08008737   Thumb Code     0  startup_stm32f40_41xxx.o(.text)
    TIM8_UP_TIM13_IRQHandler                 0x08008737   Thumb Code     0  startup_stm32f40_41xxx.o(.text)
    UART4_IRQHandler                         0x08008737   Thumb Code     0  startup_stm32f40_41xxx.o(.text)
    UART5_IRQHandler                         0x08008737   Thumb Code     0  startup_stm32f40_41xxx.o(.text)
    USART2_IRQHandler                        0x08008737   Thumb Code     0  startup_stm32f40_41xxx.o(.text)
    USART3_IRQHandler                        0x08008737   Thumb Code     0  startup_stm32f40_41xxx.o(.text)
    USART6_IRQHandler                        0x08008737   Thumb Code     0  startup_stm32f40_41xxx.o(.text)
    WWDG_IRQHandler                          0x08008737   Thumb Code     0  startup_stm32f40_41xxx.o(.text)
    NVIC_PriorityGroupConfig                 0x08008741   Thumb Code    10  misc.o(.text)
    NVIC_Init                                0x0800874b   Thumb Code   106  misc.o(.text)
    NVIC_SetVectorTable                      0x080087b5   Thumb Code    14  misc.o(.text)
    NVIC_SystemLPConfig                      0x080087c3   Thumb Code    34  misc.o(.text)
    SysTick_CLKSourceConfig                  0x080087e5   Thumb Code    40  misc.o(.text)
    GPIO_DeInit                              0x08008821   Thumb Code   268  stm32f4xx_gpio.o(.text)
    GPIO_Init                                0x0800892d   Thumb Code   144  stm32f4xx_gpio.o(.text)
    GPIO_StructInit                          0x080089bd   Thumb Code    18  stm32f4xx_gpio.o(.text)
    GPIO_PinLockConfig                       0x080089cf   Thumb Code    34  stm32f4xx_gpio.o(.text)
    GPIO_ReadInputDataBit                    0x080089f1   Thumb Code    18  stm32f4xx_gpio.o(.text)
    GPIO_ReadInputData                       0x08008a03   Thumb Code     8  stm32f4xx_gpio.o(.text)
    GPIO_ReadOutputDataBit                   0x08008a0b   Thumb Code    18  stm32f4xx_gpio.o(.text)
    GPIO_ReadOutputData                      0x08008a1d   Thumb Code     8  stm32f4xx_gpio.o(.text)
    GPIO_SetBits                             0x08008a25   Thumb Code     4  stm32f4xx_gpio.o(.text)
    GPIO_ResetBits                           0x08008a29   Thumb Code     4  stm32f4xx_gpio.o(.text)
    GPIO_WriteBit                            0x08008a2d   Thumb Code    10  stm32f4xx_gpio.o(.text)
    GPIO_Write                               0x08008a37   Thumb Code     4  stm32f4xx_gpio.o(.text)
    GPIO_ToggleBits                          0x08008a3b   Thumb Code     8  stm32f4xx_gpio.o(.text)
    GPIO_PinAFConfig                         0x08008a43   Thumb Code    70  stm32f4xx_gpio.o(.text)
    FSMC_NORSRAMDeInit                       0x08008ab5   Thumb Code    54  stm32f4xx_fsmc.o(.text)
    FSMC_NORSRAMInit                         0x08008aeb   Thumb Code   230  stm32f4xx_fsmc.o(.text)
    FSMC_NORSRAMStructInit                   0x08008bd1   Thumb Code    48  stm32f4xx_fsmc.o(.text)
    FSMC_NORSRAMCmd                          0x08008c01   Thumb Code    46  stm32f4xx_fsmc.o(.text)
    FSMC_NANDDeInit                          0x08008c2f   Thumb Code    62  stm32f4xx_fsmc.o(.text)
    FSMC_NANDInit                            0x08008c6d   Thumb Code   132  stm32f4xx_fsmc.o(.text)
    FSMC_NANDStructInit                      0x08008cf1   Thumb Code    54  stm32f4xx_fsmc.o(.text)
    FSMC_NANDCmd                             0x08008d27   Thumb Code    86  stm32f4xx_fsmc.o(.text)
    FSMC_NANDECCCmd                          0x08008d7d   Thumb Code    86  stm32f4xx_fsmc.o(.text)
    FSMC_GetECC                              0x08008dd3   Thumb Code    24  stm32f4xx_fsmc.o(.text)
    FSMC_PCCARDDeInit                        0x08008deb   Thumb Code    36  stm32f4xx_fsmc.o(.text)
    FSMC_PCCARDInit                          0x08008e0f   Thumb Code   130  stm32f4xx_fsmc.o(.text)
    FSMC_PCCARDStructInit                    0x08008e91   Thumb Code    60  stm32f4xx_fsmc.o(.text)
    FSMC_PCCARDCmd                           0x08008ecd   Thumb Code    44  stm32f4xx_fsmc.o(.text)
    FSMC_ITConfig                            0x08008ef9   Thumb Code   128  stm32f4xx_fsmc.o(.text)
    FSMC_GetFlagStatus                       0x08008f79   Thumb Code    54  stm32f4xx_fsmc.o(.text)
    FSMC_ClearFlag                           0x08008faf   Thumb Code    74  stm32f4xx_fsmc.o(.text)
    FSMC_GetITStatus                         0x08008ff9   Thumb Code    62  stm32f4xx_fsmc.o(.text)
    FSMC_ClearITPendingBit                   0x08009037   Thumb Code    66  stm32f4xx_fsmc.o(.text)
    RCC_DeInit                               0x0800907d   Thumb Code    82  stm32f4xx_rcc.o(.text)
    RCC_HSEConfig                            0x080090cf   Thumb Code    14  stm32f4xx_rcc.o(.text)
    RCC_GetFlagStatus                        0x080090dd   Thumb Code    60  stm32f4xx_rcc.o(.text)
    RCC_WaitForHSEStartUp                    0x08009119   Thumb Code    56  stm32f4xx_rcc.o(.text)
    RCC_AdjustHSICalibrationValue            0x08009151   Thumb Code    20  stm32f4xx_rcc.o(.text)
    RCC_HSICmd                               0x08009165   Thumb Code     6  stm32f4xx_rcc.o(.text)
    RCC_LSEConfig                            0x0800916b   Thumb Code    46  stm32f4xx_rcc.o(.text)
    RCC_LSICmd                               0x08009199   Thumb Code     6  stm32f4xx_rcc.o(.text)
    RCC_PLLConfig                            0x0800919f   Thumb Code    32  stm32f4xx_rcc.o(.text)
    RCC_PLLCmd                               0x080091bf   Thumb Code     6  stm32f4xx_rcc.o(.text)
    RCC_PLLI2SConfig                         0x080091c5   Thumb Code    14  stm32f4xx_rcc.o(.text)
    RCC_PLLI2SCmd                            0x080091d3   Thumb Code     6  stm32f4xx_rcc.o(.text)
    RCC_PLLSAIConfig                         0x080091d9   Thumb Code    20  stm32f4xx_rcc.o(.text)
    RCC_PLLSAICmd                            0x080091ed   Thumb Code     6  stm32f4xx_rcc.o(.text)
    RCC_ClockSecuritySystemCmd               0x080091f3   Thumb Code     6  stm32f4xx_rcc.o(.text)
    RCC_MCO1Config                           0x080091f9   Thumb Code    28  stm32f4xx_rcc.o(.text)
    RCC_MCO2Config                           0x08009215   Thumb Code    28  stm32f4xx_rcc.o(.text)
    RCC_SYSCLKConfig                         0x08009231   Thumb Code    20  stm32f4xx_rcc.o(.text)
    RCC_GetSYSCLKSource                      0x08009245   Thumb Code    12  stm32f4xx_rcc.o(.text)
    RCC_HCLKConfig                           0x08009251   Thumb Code    20  stm32f4xx_rcc.o(.text)
    RCC_PCLK1Config                          0x08009265   Thumb Code    20  stm32f4xx_rcc.o(.text)
    RCC_PCLK2Config                          0x08009279   Thumb Code    22  stm32f4xx_rcc.o(.text)
    RCC_GetClocksFreq                        0x0800928f   Thumb Code   222  stm32f4xx_rcc.o(.text)
    RCC_RTCCLKConfig                         0x0800936d   Thumb Code    54  stm32f4xx_rcc.o(.text)
    RCC_RTCCLKCmd                            0x080093a3   Thumb Code     8  stm32f4xx_rcc.o(.text)
    RCC_BackupResetCmd                       0x080093ab   Thumb Code     8  stm32f4xx_rcc.o(.text)
    RCC_I2SCLKConfig                         0x080093b3   Thumb Code     6  stm32f4xx_rcc.o(.text)
    RCC_SAIPLLI2SClkDivConfig                0x080093b9   Thumb Code    26  stm32f4xx_rcc.o(.text)
    RCC_SAIPLLSAIClkDivConfig                0x080093d3   Thumb Code    28  stm32f4xx_rcc.o(.text)
    RCC_SAIBlockACLKConfig                   0x080093ef   Thumb Code    20  stm32f4xx_rcc.o(.text)
    RCC_SAIBlockBCLKConfig                   0x08009403   Thumb Code    20  stm32f4xx_rcc.o(.text)
    RCC_LTDCCLKDivConfig                     0x08009417   Thumb Code    20  stm32f4xx_rcc.o(.text)
    RCC_TIMCLKPresConfig                     0x0800942b   Thumb Code     6  stm32f4xx_rcc.o(.text)
    RCC_AHB1PeriphClockCmd                   0x08009431   Thumb Code    34  stm32f4xx_rcc.o(.text)
    RCC_AHB2PeriphClockCmd                   0x08009453   Thumb Code    78  stm32f4xx_rcc.o(.text)
    RCC_AHB3PeriphClockCmd                   0x080094a1   Thumb Code    34  stm32f4xx_rcc.o(.text)
    RCC_APB1PeriphClockCmd                   0x080094c3   Thumb Code    34  stm32f4xx_rcc.o(.text)
    RCC_APB2PeriphClockCmd                   0x080094e5   Thumb Code    34  stm32f4xx_rcc.o(.text)
    RCC_AHB1PeriphResetCmd                   0x08009507   Thumb Code    34  stm32f4xx_rcc.o(.text)
    RCC_AHB2PeriphResetCmd                   0x08009529   Thumb Code    34  stm32f4xx_rcc.o(.text)
    RCC_AHB3PeriphResetCmd                   0x0800954b   Thumb Code    34  stm32f4xx_rcc.o(.text)
    RCC_APB1PeriphResetCmd                   0x0800956d   Thumb Code    34  stm32f4xx_rcc.o(.text)
    RCC_APB2PeriphResetCmd                   0x0800958f   Thumb Code    34  stm32f4xx_rcc.o(.text)
    RCC_AHB1PeriphClockLPModeCmd             0x080095b1   Thumb Code    34  stm32f4xx_rcc.o(.text)
    RCC_AHB2PeriphClockLPModeCmd             0x080095d3   Thumb Code    34  stm32f4xx_rcc.o(.text)
    RCC_AHB3PeriphClockLPModeCmd             0x080095f5   Thumb Code    34  stm32f4xx_rcc.o(.text)
    RCC_APB1PeriphClockLPModeCmd             0x08009617   Thumb Code    34  stm32f4xx_rcc.o(.text)
    RCC_APB2PeriphClockLPModeCmd             0x08009639   Thumb Code    34  stm32f4xx_rcc.o(.text)
    RCC_LSEModeConfig                        0x0800965b   Thumb Code    40  stm32f4xx_rcc.o(.text)
    RCC_ITConfig                             0x08009683   Thumb Code    34  stm32f4xx_rcc.o(.text)
    RCC_ClearFlag                            0x080096a5   Thumb Code    18  stm32f4xx_rcc.o(.text)
    RCC_GetITStatus                          0x080096b7   Thumb Code    22  stm32f4xx_rcc.o(.text)
    RCC_ClearITPendingBit                    0x080096cd   Thumb Code     8  stm32f4xx_rcc.o(.text)
    USART_DeInit                             0x080096d9   Thumb Code   206  stm32f4xx_usart.o(.text)
    USART_Init                               0x080097a7   Thumb Code   204  stm32f4xx_usart.o(.text)
    USART_StructInit                         0x08009873   Thumb Code    24  stm32f4xx_usart.o(.text)
    USART_ClockInit                          0x0800988b   Thumb Code    32  stm32f4xx_usart.o(.text)
    USART_ClockStructInit                    0x080098ab   Thumb Code    12  stm32f4xx_usart.o(.text)
    USART_Cmd                                0x080098b7   Thumb Code    24  stm32f4xx_usart.o(.text)
    USART_SetPrescaler                       0x080098cf   Thumb Code    16  stm32f4xx_usart.o(.text)
    USART_OverSampling8Cmd                   0x080098df   Thumb Code    22  stm32f4xx_usart.o(.text)
    USART_OneBitMethodCmd                    0x080098f5   Thumb Code    24  stm32f4xx_usart.o(.text)
    USART_SendData                           0x0800990d   Thumb Code     8  stm32f4xx_usart.o(.text)
    USART_ReceiveData                        0x08009915   Thumb Code    10  stm32f4xx_usart.o(.text)
    USART_SetAddress                         0x0800991f   Thumb Code    18  stm32f4xx_usart.o(.text)
    USART_ReceiverWakeUpCmd                  0x08009931   Thumb Code    24  stm32f4xx_usart.o(.text)
    USART_WakeUpConfig                       0x08009949   Thumb Code    18  stm32f4xx_usart.o(.text)
    USART_LINBreakDetectLengthConfig         0x0800995b   Thumb Code    18  stm32f4xx_usart.o(.text)
    USART_LINCmd                             0x0800996d   Thumb Code    24  stm32f4xx_usart.o(.text)
    USART_SendBreak                          0x08009985   Thumb Code    10  stm32f4xx_usart.o(.text)
    USART_HalfDuplexCmd                      0x0800998f   Thumb Code    24  stm32f4xx_usart.o(.text)
    USART_SetGuardTime                       0x080099a7   Thumb Code    16  stm32f4xx_usart.o(.text)
    USART_SmartCardCmd                       0x080099b7   Thumb Code    24  stm32f4xx_usart.o(.text)
    USART_SmartCardNACKCmd                   0x080099cf   Thumb Code    24  stm32f4xx_usart.o(.text)
    USART_IrDAConfig                         0x080099e7   Thumb Code    18  stm32f4xx_usart.o(.text)
    USART_IrDACmd                            0x080099f9   Thumb Code    24  stm32f4xx_usart.o(.text)
    USART_DMACmd                             0x08009a11   Thumb Code    18  stm32f4xx_usart.o(.text)
    USART_ITConfig                           0x08009a23   Thumb Code    74  stm32f4xx_usart.o(.text)
    USART_GetFlagStatus                      0x08009a6d   Thumb Code    26  stm32f4xx_usart.o(.text)
    USART_ClearFlag                          0x08009a87   Thumb Code    18  stm32f4xx_usart.o(.text)
    USART_GetITStatus                        0x08009a99   Thumb Code   118  stm32f4xx_usart.o(.text)
    USART_ClearITPendingBit                  0x08009b0f   Thumb Code    30  stm32f4xx_usart.o(.text)
    CAN_DeInit                               0x08009b2d   Thumb Code    50  stm32f4xx_can.o(.text)
    CAN_Init                                 0x08009b5f   Thumb Code   276  stm32f4xx_can.o(.text)
    CAN_FilterInit                           0x08009c73   Thumb Code   258  stm32f4xx_can.o(.text)
    CAN_StructInit                           0x08009d75   Thumb Code    32  stm32f4xx_can.o(.text)
    CAN_SlaveStartBank                       0x08009d95   Thumb Code    48  stm32f4xx_can.o(.text)
    CAN_DBGFreeze                            0x08009dc5   Thumb Code    22  stm32f4xx_can.o(.text)
    CAN_TTComModeCmd                         0x08009ddb   Thumb Code   118  stm32f4xx_can.o(.text)
    CAN_Transmit                             0x08009e51   Thumb Code   304  stm32f4xx_can.o(.text)
    CAN_TransmitStatus                       0x08009f81   Thumb Code   138  stm32f4xx_can.o(.text)
    CAN_CancelTransmit                       0x0800a00b   Thumb Code    48  stm32f4xx_can.o(.text)
    CAN_Receive                              0x0800a03b   Thumb Code   240  stm32f4xx_can.o(.text)
    CAN_FIFORelease                          0x0800a12b   Thumb Code    22  stm32f4xx_can.o(.text)
    CAN_MessagePending                       0x0800a141   Thumb Code    30  stm32f4xx_can.o(.text)
    CAN_OperatingModeRequest                 0x0800a15f   Thumb Code   162  stm32f4xx_can.o(.text)
    CAN_Sleep                                0x0800a201   Thumb Code    30  stm32f4xx_can.o(.text)
    CAN_WakeUp                               0x0800a21f   Thumb Code    48  stm32f4xx_can.o(.text)
    CAN_GetLastErrorCode                     0x0800a24f   Thumb Code    12  stm32f4xx_can.o(.text)
    CAN_GetReceiveErrorCounter               0x0800a25b   Thumb Code    10  stm32f4xx_can.o(.text)
    CAN_GetLSBTransmitErrorCounter           0x0800a265   Thumb Code    12  stm32f4xx_can.o(.text)
    CAN_ITConfig                             0x0800a271   Thumb Code    18  stm32f4xx_can.o(.text)
    CAN_GetFlagStatus                        0x0800a283   Thumb Code   120  stm32f4xx_can.o(.text)
    CAN_ClearFlag                            0x0800a2fb   Thumb Code    52  stm32f4xx_can.o(.text)
    CAN_GetITStatus                          0x0800a341   Thumb Code   310  stm32f4xx_can.o(.text)
    CAN_ClearITPendingBit                    0x0800a477   Thumb Code   162  stm32f4xx_can.o(.text)
    strstr                                   0x0800a51d   Thumb Code    36  strstr.o(.text)
    strcmp                                   0x0800a541   Thumb Code    28  strcmp.o(.text)
    strcpy                                   0x0800a55d   Thumb Code    18  strcpy.o(.text)
    __aeabi_dadd                             0x0800a56f   Thumb Code   322  dadd.o(.text)
    __aeabi_dsub                             0x0800a6b1   Thumb Code     6  dadd.o(.text)
    __aeabi_drsub                            0x0800a6b7   Thumb Code     6  dadd.o(.text)
    __aeabi_dmul                             0x0800a6bd   Thumb Code   228  dmul.o(.text)
    __aeabi_ddiv                             0x0800a7a1   Thumb Code   222  ddiv.o(.text)
    __aeabi_i2d                              0x0800a87f   Thumb Code    34  dflti.o(.text)
    __aeabi_ui2d                             0x0800a8a1   Thumb Code    26  dfltui.o(.text)
    __aeabi_d2uiz                            0x0800a8bb   Thumb Code    50  dfixui.o(.text)
    __aeabi_f2d                              0x0800a8ed   Thumb Code    38  f2d.o(.text)
    __aeabi_cdcmpeq                          0x0800a915   Thumb Code     0  cdcmple.o(.text)
    __aeabi_cdcmple                          0x0800a915   Thumb Code    48  cdcmple.o(.text)
    __aeabi_cdrcmple                         0x0800a945   Thumb Code    48  cdrcmple.o(.text)
    __aeabi_d2f                              0x0800a975   Thumb Code    56  d2f.o(.text)
    __aeabi_uidiv                            0x0800a9ad   Thumb Code     0  uidiv.o(.text)
    __aeabi_uidivmod                         0x0800a9ad   Thumb Code    44  uidiv.o(.text)
    __aeabi_uldivmod                         0x0800a9d9   Thumb Code    98  uldiv.o(.text)
    __aeabi_llsl                             0x0800aa3b   Thumb Code    30  llshl.o(.text)
    _ll_shift_l                              0x0800aa3b   Thumb Code     0  llshl.o(.text)
    __aeabi_llsr                             0x0800aa59   Thumb Code    32  llushr.o(.text)
    _ll_ushift_r                             0x0800aa59   Thumb Code     0  llushr.o(.text)
    __aeabi_lasr                             0x0800aa79   Thumb Code    36  llsshr.o(.text)
    _ll_sshift_r                             0x0800aa79   Thumb Code     0  llsshr.o(.text)
    __I$use$fp                               0x0800aa9d   Thumb Code     0  iusefp.o(.text)
    _float_round                             0x0800aa9d   Thumb Code    18  fepilogue.o(.text)
    _float_epilogue                          0x0800aaaf   Thumb Code    92  fepilogue.o(.text)
    _double_round                            0x0800ab0b   Thumb Code    30  depilogue.o(.text)
    _double_epilogue                         0x0800ab29   Thumb Code   156  depilogue.o(.text)
    _dsqrt                                   0x0800abc5   Thumb Code   162  dsqrt.o(.text)
    __aeabi_d2ulz                            0x0800ac67   Thumb Code    48  dfixul.o(.text)
    __scatterload                            0x0800ac99   Thumb Code    28  init.o(.text)
    __scatterload_rt2                        0x0800ac99   Thumb Code     0  init.o(.text)
    __0printf                                0x0800acbd   Thumb Code    22  printfa.o(i.__0printf)
    __1printf                                0x0800acbd   Thumb Code     0  printfa.o(i.__0printf)
    __2printf                                0x0800acbd   Thumb Code     0  printfa.o(i.__0printf)
    __c89printf                              0x0800acbd   Thumb Code     0  printfa.o(i.__0printf)
    printf                                   0x0800acbd   Thumb Code     0  printfa.o(i.__0printf)
    __0sprintf                               0x0800acdd   Thumb Code    34  printfa.o(i.__0sprintf)
    __1sprintf                               0x0800acdd   Thumb Code     0  printfa.o(i.__0sprintf)
    __2sprintf                               0x0800acdd   Thumb Code     0  printfa.o(i.__0sprintf)
    __c89sprintf                             0x0800acdd   Thumb Code     0  printfa.o(i.__0sprintf)
    sprintf                                  0x0800acdd   Thumb Code     0  printfa.o(i.__0sprintf)
    __hardfp_sqrt                            0x0800ad05   Thumb Code   122  sqrt.o(i.__hardfp_sqrt)
    __scatterload_copy                       0x0800ad7f   Thumb Code    14  handlers.o(i.__scatterload_copy)
    __scatterload_null                       0x0800ad8d   Thumb Code     2  handlers.o(i.__scatterload_null)
    __scatterload_zeroinit                   0x0800ad8f   Thumb Code    14  handlers.o(i.__scatterload_zeroinit)
    __set_errno                              0x0800ad9d   Thumb Code     6  errno.o(i.__set_errno)
    asc2_1206                                0x0800b63c   Data        1140  lcd.o(.constdata)
    asc2_1608                                0x0800bab0   Data        1520  lcd.o(.constdata)
    asc2_2412                                0x0800c0a0   Data        3420  lcd.o(.constdata)
    gImage_nio                               0x0800cdfc   Data       69120  nio.o(.constdata)
    FT5206_TPX_TBL                           0x0801dbfc   Data          10  ft5206.o(.constdata)
    GT9147_CFG_TBL                           0x0801dc06   Data         184  gt9147.o(.constdata)
    GT9147_TPX_TBL                           0x0801dcbe   Data          10  gt9147.o(.constdata)
    OTT_TPX_TBL                              0x0801dcc8   Data          10  ott2001a.o(.constdata)
    TP_REMIND_MSG_TBL                        0x0801dcd4   Data           4  touch.o(.constdata)
    FSMC_DefaultTimingStruct                 0x0801dcd8   Data          28  stm32f4xx_fsmc.o(.constdata)
    Region$$Table$$Base                      0x0801dd70   Number         0  anon$$obj.o(Region$$Table)
    Region$$Table$$Limit                     0x0801dd90   Number         0  anon$$obj.o(Region$$Table)
    loopi                                    0x20000000   Data           4  main.o(.data)
    BMSSOC                                   0x20000004   Data           4  main.o(.data)
    BMSPackVoltage                           0x20000008   Data           4  main.o(.data)
    BMSCellVoltgMax                          0x2000000c   Data           4  main.o(.data)
    BMSCellVoltgMin                          0x20000010   Data           4  main.o(.data)
    CellVolAage                              0x20000014   Data           4  main.o(.data)
    deltaCellVol                             0x20000018   Data           4  main.o(.data)
    BMSTempAverage                           0x2000001c   Data           4  main.o(.data)
    BMSInsulation_Value                      0x20000020   Data           2  main.o(.data)
    BMSCellVoltgMax_H                        0x20000022   Data           2  main.o(.data)
    BMSCellVoltgMax_L                        0x20000024   Data           2  main.o(.data)
    BMSCellVoltgMin_H                        0x20000026   Data           2  main.o(.data)
    BMSCellVoltgMin_L                        0x20000028   Data           2  main.o(.data)
    BMSPackVoltage_H                         0x2000002a   Data           2  main.o(.data)
    BMSPackVoltage_L                         0x2000002c   Data           2  main.o(.data)
    BMSInsulation_Value_H                    0x2000002e   Data           2  main.o(.data)
    BMSInsulation_Value_L                    0x20000030   Data           2  main.o(.data)
    BMSTempAverage_D                         0x20000032   Data           2  main.o(.data)
    Ah_charged_H                             0x20000034   Data           2  main.o(.data)
    Ah_charged_L                             0x20000036   Data           2  main.o(.data)
    Ah_charged_value                         0x20000038   Data           2  main.o(.data)
    Ah_Discharged_H                          0x2000003a   Data           2  main.o(.data)
    Ah_Discharged_L                          0x2000003c   Data           2  main.o(.data)
    Ah_Discharged_value                      0x2000003e   Data           2  main.o(.data)
    Ah_Fastcharge_H                          0x20000040   Data           2  main.o(.data)
    Ah_Fastcharge_L                          0x20000042   Data           2  main.o(.data)
    Ah_Fastcharge_value                      0x20000044   Data           2  main.o(.data)
    SystemCoreClock                          0x20000048   Data           4  system_stm32f4xx.o(.data)
    AHBPrescTable                            0x2000004c   Data          16  system_stm32f4xx.o(.data)
    POINT_COLOR                              0x2000005c   Data           2  lcd.o(.data)
    BACK_COLOR                               0x2000005e   Data           2  lcd.o(.data)
    tp_dev                                   0x20000064   Data          52  touch.o(.data)
    CMD_RDX                                  0x20000098   Data           1  touch.o(.data)
    CMD_RDY                                  0x20000099   Data           1  touch.o(.data)
    __stdout                                 0x200000a0   Data           4  usart.o(.data)
    USART_RX_STA                             0x200000a4   Data           2  usart.o(.data)
    RxMessage1                               0x200000bc   Data          20  main.o(.bss)
    str                                      0x200000d0   Data          30  main.o(.bss)
    RxMessage                                0x200000f0   Data          20  main.o(.bss)
    para1                                    0x20000104   Data         120  main.o(.bss)
    lcddev                                   0x2000017c   Data          14  lcd.o(.bss)
    USART_RX_BUF                             0x2000018a   Data         200  usart.o(.bss)
    __initial_sp                             0x20000658   Data           0  startup_stm32f40_41xxx.o(STACK)



==============================================================================

Memory Map of the image

  Image Entry point : 0x08000189

  Load Region LR_IROM1 (Base: 0x08000000, Size: 0x0001de4c, Max: 0x00100000, ABSOLUTE)

    Execution Region ER_IROM1 (Exec base: 0x08000000, Load base: 0x08000000, Size: 0x0001dd90, Max: 0x00100000, ABSOLUTE)

    Exec Addr    Load Addr    Size         Type   Attr      Idx    E Section Name        Object

    0x08000000   0x08000000   0x00000188   Data   RO          782    RESET               startup_stm32f40_41xxx.o
    0x08000188   0x08000188   0x00000000   Code   RO          944  * .ARM.Collect$$$$00000000  mc_w.l(entry.o)
    0x08000188   0x08000188   0x00000004   Code   RO         1234    .ARM.Collect$$$$00000001  mc_w.l(entry2.o)
    0x0800018c   0x0800018c   0x00000004   Code   RO         1237    .ARM.Collect$$$$00000004  mc_w.l(entry5.o)
    0x08000190   0x08000190   0x00000000   Code   RO         1239    .ARM.Collect$$$$00000008  mc_w.l(entry7b.o)
    0x08000190   0x08000190   0x00000000   Code   RO         1241    .ARM.Collect$$$$0000000A  mc_w.l(entry8b.o)
    0x08000190   0x08000190   0x00000008   Code   RO         1242    .ARM.Collect$$$$0000000B  mc_w.l(entry9a.o)
    0x08000198   0x08000198   0x00000004   Code   RO         1249    .ARM.Collect$$$$0000000E  mc_w.l(entry12b.o)
    0x0800019c   0x0800019c   0x00000000   Code   RO         1244    .ARM.Collect$$$$0000000F  mc_w.l(entry10a.o)
    0x0800019c   0x0800019c   0x00000000   Code   RO         1246    .ARM.Collect$$$$00000011  mc_w.l(entry11a.o)
    0x0800019c   0x0800019c   0x00000004   Code   RO         1235    .ARM.Collect$$$$00002712  mc_w.l(entry2.o)
    0x080001a0   0x080001a0   0x00000cf8   Code   RO            3    .text               main.o
    0x08000e98   0x08000e98   0x0000001a   Code   RO          187    .text               stm32f4xx_it.o
    0x08000eb2   0x08000eb2   0x00000002   PAD
    0x08000eb4   0x08000eb4   0x00000210   Code   RO          311    .text               system_stm32f4xx.o
    0x080010c4   0x080010c4   0x00000040   Code   RO          337    .text               led.o
    0x08001104   0x08001104   0x00004f14   Code   RO          389    .text               lcd.o
    0x08006018   0x08006018   0x00000104   Code   RO          434    .text               key.o
    0x0800611c   0x0800611c   0x000001c4   Code   RO          458    .text               can.o
    0x080062e0   0x080062e0   0x0000017a   Code   RO          521    .text               24cxx.o
    0x0800645a   0x0800645a   0x00000002   PAD
    0x0800645c   0x0800645c   0x0000025c   Code   RO          547    .text               myiic.o
    0x080066b8   0x080066b8   0x00000254   Code   RO          567    .text               ctiic.o
    0x0800690c   0x0800690c   0x0000032c   Code   RO          590    .text               ft5206.o
    0x08006c38   0x08006c38   0x00000430   Code   RO          627    .text               gt9147.o
    0x08007068   0x08007068   0x00000388   Code   RO          655    .text               ott2001a.o
    0x080073f0   0x080073f0   0x000010e0   Code   RO          679    .text               touch.o
    0x080084d0   0x080084d0   0x00000104   Code   RO          711    .text               delay.o
    0x080085d4   0x080085d4   0x00000148   Code   RO          751    .text               usart.o
    0x0800871c   0x0800871c   0x00000024   Code   RO          783    .text               startup_stm32f40_41xxx.o
    0x08008740   0x08008740   0x000000e0   Code   RO          789    .text               misc.o
    0x08008820   0x08008820   0x00000294   Code   RO          809    .text               stm32f4xx_gpio.o
    0x08008ab4   0x08008ab4   0x000005c8   Code   RO          829    .text               stm32f4xx_fsmc.o
    0x0800907c   0x0800907c   0x0000065c   Code   RO          852    .text               stm32f4xx_rcc.o
    0x080096d8   0x080096d8   0x00000454   Code   RO          894    .text               stm32f4xx_usart.o
    0x08009b2c   0x08009b2c   0x000009f0   Code   RO          914    .text               stm32f4xx_can.o
    0x0800a51c   0x0800a51c   0x00000024   Code   RO          947    .text               mc_w.l(strstr.o)
    0x0800a540   0x0800a540   0x0000001c   Code   RO          949    .text               mc_w.l(strcmp.o)
    0x0800a55c   0x0800a55c   0x00000012   Code   RO          951    .text               mc_w.l(strcpy.o)
    0x0800a56e   0x0800a56e   0x0000014e   Code   RO         1214    .text               mf_w.l(dadd.o)
    0x0800a6bc   0x0800a6bc   0x000000e4   Code   RO         1216    .text               mf_w.l(dmul.o)
    0x0800a7a0   0x0800a7a0   0x000000de   Code   RO         1218    .text               mf_w.l(ddiv.o)
    0x0800a87e   0x0800a87e   0x00000022   Code   RO         1220    .text               mf_w.l(dflti.o)
    0x0800a8a0   0x0800a8a0   0x0000001a   Code   RO         1222    .text               mf_w.l(dfltui.o)
    0x0800a8ba   0x0800a8ba   0x00000032   Code   RO         1224    .text               mf_w.l(dfixui.o)
    0x0800a8ec   0x0800a8ec   0x00000026   Code   RO         1226    .text               mf_w.l(f2d.o)
    0x0800a912   0x0800a912   0x00000002   PAD
    0x0800a914   0x0800a914   0x00000030   Code   RO         1228    .text               mf_w.l(cdcmple.o)
    0x0800a944   0x0800a944   0x00000030   Code   RO         1230    .text               mf_w.l(cdrcmple.o)
    0x0800a974   0x0800a974   0x00000038   Code   RO         1232    .text               mf_w.l(d2f.o)
    0x0800a9ac   0x0800a9ac   0x0000002c   Code   RO         1250    .text               mc_w.l(uidiv.o)
    0x0800a9d8   0x0800a9d8   0x00000062   Code   RO         1252    .text               mc_w.l(uldiv.o)
    0x0800aa3a   0x0800aa3a   0x0000001e   Code   RO         1254    .text               mc_w.l(llshl.o)
    0x0800aa58   0x0800aa58   0x00000020   Code   RO         1256    .text               mc_w.l(llushr.o)
    0x0800aa78   0x0800aa78   0x00000024   Code   RO         1258    .text               mc_w.l(llsshr.o)
    0x0800aa9c   0x0800aa9c   0x00000000   Code   RO         1267    .text               mc_w.l(iusefp.o)
    0x0800aa9c   0x0800aa9c   0x0000006e   Code   RO         1268    .text               mf_w.l(fepilogue.o)
    0x0800ab0a   0x0800ab0a   0x000000ba   Code   RO         1270    .text               mf_w.l(depilogue.o)
    0x0800abc4   0x0800abc4   0x000000a2   Code   RO         1272    .text               mf_w.l(dsqrt.o)
    0x0800ac66   0x0800ac66   0x00000030   Code   RO         1274    .text               mf_w.l(dfixul.o)
    0x0800ac96   0x0800ac96   0x00000002   PAD
    0x0800ac98   0x0800ac98   0x00000024   Code   RO         1276    .text               mc_w.l(init.o)
    0x0800acbc   0x0800acbc   0x00000020   Code   RO         1186    i.__0printf         mc_w.l(printfa.o)
    0x0800acdc   0x0800acdc   0x00000028   Code   RO         1188    i.__0sprintf        mc_w.l(printfa.o)
    0x0800ad04   0x0800ad04   0x0000007a   Code   RO          932    i.__hardfp_sqrt     m_wm.l(sqrt.o)
    0x0800ad7e   0x0800ad7e   0x0000000e   Code   RO         1280    i.__scatterload_copy  mc_w.l(handlers.o)
    0x0800ad8c   0x0800ad8c   0x00000002   Code   RO         1281    i.__scatterload_null  mc_w.l(handlers.o)
    0x0800ad8e   0x0800ad8e   0x0000000e   Code   RO         1282    i.__scatterload_zeroinit  mc_w.l(handlers.o)
    0x0800ad9c   0x0800ad9c   0x0000000c   Code   RO         1262    i.__set_errno       mc_w.l(errno.o)
    0x0800ada8   0x0800ada8   0x00000184   Code   RO         1193    i._fp_digits        mc_w.l(printfa.o)
    0x0800af2c   0x0800af2c   0x000006b4   Code   RO         1194    i._printf_core      mc_w.l(printfa.o)
    0x0800b5e0   0x0800b5e0   0x00000024   Code   RO         1195    i._printf_post_padding  mc_w.l(printfa.o)
    0x0800b604   0x0800b604   0x0000002e   Code   RO         1196    i._printf_pre_padding  mc_w.l(printfa.o)
    0x0800b632   0x0800b632   0x0000000a   Code   RO         1198    i._sputc            mc_w.l(printfa.o)
    0x0800b63c   0x0800b63c   0x000017c0   Data   RO          391    .constdata          lcd.o
    0x0800cdfc   0x0800cdfc   0x00010e00   Data   RO          501    .constdata          nio.o
    0x0801dbfc   0x0801dbfc   0x0000000a   Data   RO          591    .constdata          ft5206.o
    0x0801dc06   0x0801dc06   0x000000c2   Data   RO          628    .constdata          gt9147.o
    0x0801dcc8   0x0801dcc8   0x0000000a   Data   RO          656    .constdata          ott2001a.o
    0x0801dcd2   0x0801dcd2   0x00000002   PAD
    0x0801dcd4   0x0801dcd4   0x00000004   Data   RO          680    .constdata          touch.o
    0x0801dcd8   0x0801dcd8   0x0000001c   Data   RO          830    .constdata          stm32f4xx_fsmc.o
    0x0801dcf4   0x0801dcf4   0x00000079   Data   RO          681    .conststring        touch.o
    0x0801dd6d   0x0801dd6d   0x00000003   PAD
    0x0801dd70   0x0801dd70   0x00000020   Data   RO         1278    Region$$Table       anon$$obj.o


    Execution Region RW_IRAM1 (Exec base: 0x20000000, Load base: 0x0801dd90, Size: 0x00000658, Max: 0x00020000, ABSOLUTE)

    Exec Addr    Load Addr    Size         Type   Attr      Idx    E Section Name        Object

    0x20000000   0x0801dd90   0x00000046   Data   RW            5    .data               main.o
    0x20000046   0x0801ddd6   0x00000002   PAD
    0x20000048   0x0801ddd8   0x00000014   Data   RW          312    .data               system_stm32f4xx.o
    0x2000005c   0x0801ddec   0x00000004   Data   RW          392    .data               lcd.o
    0x20000060   0x0801ddf0   0x00000001   Data   RW          435    .data               key.o
    0x20000061   0x0801ddf1   0x00000001   Data   RW          592    .data               ft5206.o
    0x20000062   0x0801ddf2   0x00000001   Data   RW          629    .data               gt9147.o
    0x20000063   0x0801ddf3   0x00000001   Data   RW          657    .data               ott2001a.o
    0x20000064   0x0801ddf4   0x00000036   Data   RW          682    .data               touch.o
    0x2000009a   0x0801de2a   0x00000004   Data   RW          712    .data               delay.o
    0x2000009e   0x0801de2e   0x00000002   PAD
    0x200000a0   0x0801de30   0x00000006   Data   RW          753    .data               usart.o
    0x200000a6   0x0801de36   0x00000010   Data   RW          853    .data               stm32f4xx_rcc.o
    0x200000b6   0x0801de46   0x00000002   PAD
    0x200000b8   0x0801de48   0x00000004   Data   RW         1263    .data               mc_w.l(errno.o)
    0x200000bc        -       0x000000c0   Zero   RW            4    .bss                main.o
    0x2000017c        -       0x0000000e   Zero   RW          390    .bss                lcd.o
    0x2000018a        -       0x000000c8   Zero   RW          752    .bss                usart.o
    0x20000252   0x0801de4c   0x00000006   PAD
    0x20000258        -       0x00000400   Zero   RW          780    STACK               startup_stm32f40_41xxx.o


==============================================================================

Image component sizes


      Code (inc. data)   RO Data    RW Data    ZI Data      Debug   Object Name

       378          0          0          0          0       2790   24cxx.o
       452         10          0          0          0       2232   can.o
       596         24          0          0          0       2073   ctiic.o
       260          8          0          4          0       1453   delay.o
       812         40         10          1          0       2495   ft5206.o
      1072         78        194          1          0       3038   gt9147.o
       260         12          0          1          0        864   key.o
     20244        170       6080          4         14      23586   lcd.o
        64          4          0          0          0     237839   led.o
      3320        546          0         70        192     254401   main.o
       224         20          0          0          0       1789   misc.o
       604         14          0          0          0       1908   myiic.o
         0          0      69120          0          0        469   nio.o
       904         66         10          1          0       2711   ott2001a.o
        36          8        392          0       1024        816   startup_stm32f40_41xxx.o
      2544         38          0          0          0       8116   stm32f4xx_can.o
      1480         18         28          0          0       5606   stm32f4xx_fsmc.o
       660         44          0          0          0       4129   stm32f4xx_gpio.o
        26          0          0          0          0      37206   stm32f4xx_it.o
      1628         52          0         16          0      12992   stm32f4xx_rcc.o
      1108         34          0          0          0       7856   stm32f4xx_usart.o
       528         46          0         20          0       1735   system_stm32f4xx.o
      4320        228        125         54          0       6805   touch.o
       328         16          0          6        200       3262   usart.o

    ----------------------------------------------------------------------
     41852       1476      75996        184       1436     626171   Object Totals
         0          0         32          0          0          0   (incl. Generated)
         4          0          5          6          6          0   (incl. Padding)

    ----------------------------------------------------------------------

      Code (inc. data)   RO Data    RW Data    ZI Data      Debug   Library Member Name

       122          0          0          0          0        148   sqrt.o
         0          0          0          0          0          0   entry.o
         0          0          0          0          0          0   entry10a.o
         0          0          0          0          0          0   entry11a.o
         4          0          0          0          0          0   entry12b.o
         8          4          0          0          0          0   entry2.o
         4          0          0          0          0          0   entry5.o
         0          0          0          0          0          0   entry7b.o
         0          0          0          0          0          0   entry8b.o
         8          4          0          0          0          0   entry9a.o
        12          6          0          4          0         68   errno.o
        30          0          0          0          0          0   handlers.o
        36          8          0          0          0         68   init.o
         0          0          0          0          0          0   iusefp.o
        30          0          0          0          0         68   llshl.o
        36          0          0          0          0         68   llsshr.o
        32          0          0          0          0         68   llushr.o
      2268         96          0          0          0        616   printfa.o
        28          0          0          0          0         76   strcmp.o
        18          0          0          0          0         68   strcpy.o
        36          0          0          0          0         80   strstr.o
        44          0          0          0          0         80   uidiv.o
        98          0          0          0          0         92   uldiv.o
        48          0          0          0          0         68   cdcmple.o
        48          0          0          0          0         68   cdrcmple.o
        56          0          0          0          0         88   d2f.o
       334          0          0          0          0        148   dadd.o
       222          0          0          0          0        100   ddiv.o
       186          0          0          0          0        176   depilogue.o
        50          0          0          0          0         76   dfixui.o
        48          0          0          0          0         68   dfixul.o
        34          0          0          0          0         76   dflti.o
        26          0          0          0          0         76   dfltui.o
       228          0          0          0          0         96   dmul.o
       162          0          0          0          0        100   dsqrt.o
        38          0          0          0          0         68   f2d.o
       110          0          0          0          0        168   fepilogue.o

    ----------------------------------------------------------------------
      4408        118          0          4          0       2876   Library Totals
         4          0          0          0          0          0   (incl. Padding)

    ----------------------------------------------------------------------

      Code (inc. data)   RO Data    RW Data    ZI Data      Debug   Library Name

       122          0          0          0          0        148   m_wm.l
      2692        118          0          4          0       1352   mc_w.l
      1590          0          0          0          0       1376   mf_w.l

    ----------------------------------------------------------------------
      4408        118          0          4          0       2876   Library Totals

    ----------------------------------------------------------------------

==============================================================================


      Code (inc. data)   RO Data    RW Data    ZI Data      Debug   

     46260       1594      75996        188       1436     623895   Grand Totals
     46260       1594      75996        188       1436     623895   ELF Image Totals
     46260       1594      75996        188          0          0   ROM Totals

==============================================================================

    Total RO  Size (Code + RO Data)               122256 ( 119.39kB)
    Total RW  Size (RW Data + ZI Data)              1624 (   1.59kB)
    Total ROM Size (Code + RO Data + RW Data)     122444 ( 119.57kB)

==============================================================================

